[17:25:01] === 1/6 seqlen ===
skip KAN_L72 (ya en resultados)
[RKAN_L72] ep   1/18 grid=3 train_rmse=0.1234 val_RMSE=0.1368 val_MAE=0.0286 val_CORR=0.3642 NSEmed=0.419 (17s)
[RKAN_L72] ep   2/18 grid=3 train_rmse=0.1153 val_RMSE=0.1183 val_MAE=0.0393 val_CORR=0.5250 NSEmed=0.235 (16s)
[RKAN_L72] ep   3/18 grid=3 train_rmse=0.1098 val_RMSE=0.1133 val_MAE=0.0347 val_CORR=0.5641 NSEmed=0.329 (17s)
[RKAN_L72] ep   4/18 grid=5 train_rmse=0.1074 val_RMSE=0.1192 val_MAE=0.0443 val_CORR=0.5176 NSEmed=0.102 (17s)
[RKAN_L72] ep   5/18 grid=5 train_rmse=0.1059 val_RMSE=0.1086 val_MAE=0.0297 val_CORR=0.5992 NSEmed=0.374 (17s)
[RKAN_L72] ep   6/18 grid=5 train_rmse=0.1044 val_RMSE=0.1086 val_MAE=0.0333 val_CORR=0.5995 NSEmed=0.334 (17s)
[RKAN_L72] ep   7/18 grid=10 train_rmse=0.1029 val_RMSE=0.1069 val_MAE=0.0301 val_CORR=0.6118 NSEmed=0.406 (19s)
[RKAN_L72] ep   8/18 grid=10 train_rmse=0.1020 val_RMSE=0.1080 val_MAE=0.0301 val_CORR=0.6038 NSEmed=0.383 (19s)
[RKAN_L72] ep   9/18 grid=10 train_rmse=0.1013 val_RMSE=0.1098 val_MAE=0.0299 val_CORR=0.5908 NSEmed=0.388 (18s)
[RKAN_L72] ep  10/18 grid=20 train_rmse=0.1008 val_RMSE=0.1087 val_MAE=0.0289 val_CORR=0.5987 NSEmed=0.410 (21s)
[RKAN_L72] ep  11/18 grid=20 train_rmse=0.1003 val_RMSE=0.1084 val_MAE=0.0276 val_CORR=0.6007 NSEmed=0.423 (21s)
[RKAN_L72] ep  12/18 grid=20 train_rmse=0.1000 val_RMSE=0.1080 val_MAE=0.0280 val_CORR=0.6041 NSEmed=0.433 (21s)
[RKAN_L72] ep  13/18 grid=50 train_rmse=0.0998 val_RMSE=0.1084 val_MAE=0.0286 val_CORR=0.6006 NSEmed=0.407 (32s)
[RKAN_L72] ep  14/18 grid=50 train_rmse=0.0995 val_RMSE=0.1079 val_MAE=0.0286 val_CORR=0.6046 NSEmed=0.409 (34s)
[RKAN_L72] ep  15/18 grid=50 train_rmse=0.0992 val_RMSE=0.1078 val_MAE=0.0295 val_CORR=0.6055 NSEmed=0.396 (33s)
[RKAN_L72] ep  16/18 grid=100 train_rmse=0.0991 val_RMSE=0.1081 val_MAE=0.0285 val_CORR=0.6034 NSEmed=0.410 (55s)
[RKAN_L72] ep  17/18 grid=100 train_rmse=0.0988 val_RMSE=0.1085 val_MAE=0.0288 val_CORR=0.6000 NSEmed=0.398 (55s)
[RKAN_L72] ep  18/18 grid=100 train_rmse=0.0986 val_RMSE=0.1084 val_MAE=0.0295 val_CORR=0.6013 NSEmed=0.377 (55s)
==> RKAN_L72: val RMSE 0.1069 CORR 0.6118 | test RMSE 0.1049 (634s)
[FKAN_L72] ep   1/18 grid=3 train_rmse=0.1274 val_RMSE=0.1379 val_MAE=0.0479 val_CORR=0.3542 NSEmed=0.101 (3s)
[FKAN_L72] ep   2/18 grid=3 train_rmse=0.1260 val_RMSE=0.1365 val_MAE=0.0383 val_CORR=0.3670 NSEmed=0.264 (2s)
[FKAN_L72] ep   3/18 grid=3 train_rmse=0.1250 val_RMSE=0.1362 val_MAE=0.0370 val_CORR=0.3697 NSEmed=0.310 (2s)
[FKAN_L72] ep   4/18 grid=5 train_rmse=0.1257 val_RMSE=0.1381 val_MAE=0.0344 val_CORR=0.3519 NSEmed=0.263 (2s)
[FKAN_L72] ep   5/18 grid=5 train_rmse=0.1253 val_RMSE=0.1364 val_MAE=0.0297 val_CORR=0.3678 NSEmed=0.415 (2s)
[FKAN_L72] ep   6/18 grid=5 train_rmse=0.1254 val_RMSE=0.1362 val_MAE=0.0308 val_CORR=0.3696 NSEmed=0.397 (2s)
[FKAN_L72] ep   7/18 grid=10 train_rmse=0.1253 val_RMSE=0.1376 val_MAE=0.0308 val_CORR=0.3570 NSEmed=0.319 (2s)
[FKAN_L72] ep   8/18 grid=10 train_rmse=0.1269 val_RMSE=0.1373 val_MAE=0.0290 val_CORR=0.3596 NSEmed=0.408 (2s)
[FKAN_L72] ep   9/18 grid=10 train_rmse=0.1265 val_RMSE=0.1379 val_MAE=0.0307 val_CORR=0.3537 NSEmed=0.347 (2s)
[FKAN_L72] ep  10/18 grid=20 train_rmse=0.1269 val_RMSE=0.1385 val_MAE=0.0304 val_CORR=0.3485 NSEmed=0.334 (2s)
[FKAN_L72] ep  11/18 grid=20 train_rmse=0.1269 val_RMSE=0.1381 val_MAE=0.0281 val_CORR=0.3522 NSEmed=0.421 (2s)
[FKAN_L72] ep  12/18 grid=20 train_rmse=0.1267 val_RMSE=0.1380 val_MAE=0.0274 val_CORR=0.3534 NSEmed=0.434 (2s)
[FKAN_L72] ep  13/18 grid=50 train_rmse=0.1266 val_RMSE=0.1380 val_MAE=0.0274 val_CORR=0.3528 NSEmed=0.432 (2s)
[FKAN_L72] ep  14/18 grid=50 train_rmse=0.1266 val_RMSE=0.1380 val_MAE=0.0273 val_CORR=0.3532 NSEmed=0.429 (2s)
[FKAN_L72] ep  15/18 grid=50 train_rmse=0.1266 val_RMSE=0.1381 val_MAE=0.0275 val_CORR=0.3527 NSEmed=0.435 (2s)
[FKAN_L72] ep  16/18 grid=100 train_rmse=0.1266 val_RMSE=0.1380 val_MAE=0.0274 val_CORR=0.3530 NSEmed=0.435 (4s)
[FKAN_L72] ep  17/18 grid=100 train_rmse=0.1266 val_RMSE=0.1380 val_MAE=0.0274 val_CORR=0.3532 NSEmed=0.436 (4s)
[FKAN_L72] ep  18/18 grid=100 train_rmse=0.1266 val_RMSE=0.1380 val_MAE=0.0274 val_CORR=0.3530 NSEmed=0.425 (4s)
==> FKAN_L72: val RMSE 0.1362 CORR 0.3697 | test RMSE 0.1174 (44s)
[RFKAN_L72] ep   1/18 grid=3 train_rmse=0.1213 val_RMSE=0.1238 val_MAE=0.0430 val_CORR=0.4792 NSEmed=0.182 (17s)
[RFKAN_L72] ep   2/18 grid=3 train_rmse=0.1122 val_RMSE=0.1161 val_MAE=0.0312 val_CORR=0.5419 NSEmed=0.377 (17s)
[RFKAN_L72] ep   3/18 grid=3 train_rmse=0.1097 val_RMSE=0.1144 val_MAE=0.0344 val_CORR=0.5552 NSEmed=0.347 (17s)
[RFKAN_L72] ep   4/18 grid=5 train_rmse=0.1083 val_RMSE=0.1137 val_MAE=0.0322 val_CORR=0.5609 NSEmed=0.403 (18s)
[RFKAN_L72] ep   5/18 grid=5 train_rmse=0.1071 val_RMSE=0.1114 val_MAE=0.0359 val_CORR=0.5784 NSEmed=0.252 (18s)
[RFKAN_L72] ep   6/18 grid=5 train_rmse=0.1065 val_RMSE=0.1109 val_MAE=0.0292 val_CORR=0.5821 NSEmed=0.401 (18s)
[RFKAN_L72] ep   7/18 grid=10 train_rmse=0.1054 val_RMSE=0.1087 val_MAE=0.0275 val_CORR=0.5990 NSEmed=0.471 (17s)
[RFKAN_L72] ep   8/18 grid=10 train_rmse=0.1048 val_RMSE=0.1084 val_MAE=0.0311 val_CORR=0.6006 NSEmed=0.342 (17s)
[RFKAN_L72] ep   9/18 grid=10 train_rmse=0.1044 val_RMSE=0.1080 val_MAE=0.0312 val_CORR=0.6036 NSEmed=0.353 (17s)
[RFKAN_L72] ep  10/18 grid=20 train_rmse=0.1036 val_RMSE=0.1097 val_MAE=0.0276 val_CORR=0.5911 NSEmed=0.432 (18s)
[RFKAN_L72] ep  11/18 grid=20 train_rmse=0.1030 val_RMSE=0.1073 val_MAE=0.0300 val_CORR=0.6090 NSEmed=0.412 (18s)
[RFKAN_L72] ep  12/18 grid=20 train_rmse=0.1029 val_RMSE=0.1078 val_MAE=0.0312 val_CORR=0.6056 NSEmed=0.394 (17s)
[RFKAN_L72] ep  13/18 grid=50 train_rmse=0.1023 val_RMSE=0.1082 val_MAE=0.0299 val_CORR=0.6024 NSEmed=0.401 (18s)
[RFKAN_L72] ep  14/18 grid=50 train_rmse=0.1017 val_RMSE=0.1091 val_MAE=0.0328 val_CORR=0.5957 NSEmed=0.332 (19s)
[RFKAN_L72] ep  15/18 grid=50 train_rmse=0.1016 val_RMSE=0.1108 val_MAE=0.0351 val_CORR=0.5829 NSEmed=0.286 (19s)
[RFKAN_L72] ep  16/18 grid=100 train_rmse=0.1016 val_RMSE=0.1091 val_MAE=0.0306 val_CORR=0.5960 NSEmed=0.415 (22s)
[RFKAN_L72] ep  17/18 grid=100 train_rmse=0.1008 val_RMSE=0.1094 val_MAE=0.0322 val_CORR=0.5936 NSEmed=0.366 (23s)
[RFKAN_L72] ep  18/18 grid=100 train_rmse=0.1008 val_RMSE=0.1116 val_MAE=0.0367 val_CORR=0.5770 NSEmed=0.238 (23s)
==> RFKAN_L72: val RMSE 0.1073 CORR 0.6090 | test RMSE 0.1061 (337s)
[KAN_L2] ep   1/18 grid=3 train_rmse=0.1261 val_RMSE=0.1369 val_MAE=0.0285 val_CORR=0.3636 NSEmed=0.427 (2s)
[KAN_L2] ep   2/18 grid=3 train_rmse=0.1253 val_RMSE=0.1363 val_MAE=0.0324 val_CORR=0.3691 NSEmed=0.359 (3s)
[KAN_L2] ep   3/18 grid=3 train_rmse=0.1241 val_RMSE=0.1338 val_MAE=0.0309 val_CORR=0.3918 NSEmed=0.376 (3s)
[KAN_L2] ep   4/18 grid=5 train_rmse=0.1161 val_RMSE=0.1233 val_MAE=0.0264 val_CORR=0.4836 NSEmed=0.472 (3s)
[KAN_L2] ep   5/18 grid=5 train_rmse=0.1113 val_RMSE=0.1190 val_MAE=0.0284 val_CORR=0.5187 NSEmed=0.447 (3s)
[KAN_L2] ep   6/18 grid=5 train_rmse=0.1093 val_RMSE=0.1178 val_MAE=0.0280 val_CORR=0.5284 NSEmed=0.457 (3s)
[KAN_L2] ep   7/18 grid=10 train_rmse=0.1082 val_RMSE=0.1175 val_MAE=0.0277 val_CORR=0.5308 NSEmed=0.476 (3s)
[KAN_L2] ep   8/18 grid=10 train_rmse=0.1072 val_RMSE=0.1172 val_MAE=0.0284 val_CORR=0.5334 NSEmed=0.454 (3s)
[KAN_L2] ep   9/18 grid=10 train_rmse=0.1066 val_RMSE=0.1179 val_MAE=0.0278 val_CORR=0.5276 NSEmed=0.458 (3s)
[KAN_L2] ep  10/18 grid=20 train_rmse=0.1077 val_RMSE=0.1181 val_MAE=0.0272 val_CORR=0.5262 NSEmed=0.479 (3s)
[KAN_L2] ep  11/18 grid=20 train_rmse=0.1068 val_RMSE=0.1179 val_MAE=0.0262 val_CORR=0.5283 NSEmed=0.506 (3s)
[KAN_L2] ep  12/18 grid=20 train_rmse=0.1063 val_RMSE=0.1175 val_MAE=0.0268 val_CORR=0.5311 NSEmed=0.482 (3s)
[KAN_L2] ep  13/18 grid=50 train_rmse=0.1080 val_RMSE=0.1196 val_MAE=0.0271 val_CORR=0.5143 NSEmed=0.477 (3s)
[KAN_L2] ep  14/18 grid=50 train_rmse=0.1072 val_RMSE=0.1194 val_MAE=0.0274 val_CORR=0.5159 NSEmed=0.474 (3s)
[KAN_L2] ep  15/18 grid=50 train_rmse=0.1067 val_RMSE=0.1192 val_MAE=0.0288 val_CORR=0.5178 NSEmed=0.450 (3s)
[KAN_L2] ep  16/18 grid=100 train_rmse=0.1080 val_RMSE=0.1210 val_MAE=0.0275 val_CORR=0.5025 NSEmed=0.471 (3s)
[KAN_L2] ep  17/18 grid=100 train_rmse=0.1073 val_RMSE=0.1211 val_MAE=0.0272 val_CORR=0.5020 NSEmed=0.473 (3s)
[KAN_L2] ep  18/18 grid=100 train_rmse=0.1070 val_RMSE=0.1213 val_MAE=0.0281 val_CORR=0.5005 NSEmed=0.458 (3s)
==> KAN_L2: val RMSE 0.1172 CORR 0.5334 | test RMSE 0.1060 (50s)
[RKAN_L2] ep   1/18 grid=3 train_rmse=0.1257 val_RMSE=0.1347 val_MAE=0.0315 val_CORR=0.3837 NSEmed=0.376 (5s)
[RKAN_L2] ep   2/18 grid=3 train_rmse=0.1120 val_RMSE=0.1121 val_MAE=0.0328 val_CORR=0.5730 NSEmed=0.355 (5s)
[RKAN_L2] ep   3/18 grid=3 train_rmse=0.1074 val_RMSE=0.1101 val_MAE=0.0316 val_CORR=0.5884 NSEmed=0.385 (5s)
[RKAN_L2] ep   4/18 grid=5 train_rmse=0.1056 val_RMSE=0.1086 val_MAE=0.0255 val_CORR=0.5998 NSEmed=0.456 (4s)
[RKAN_L2] ep   5/18 grid=5 train_rmse=0.1043 val_RMSE=0.1074 val_MAE=0.0260 val_CORR=0.6084 NSEmed=0.462 (4s)
[RKAN_L2] ep   6/18 grid=5 train_rmse=0.1033 val_RMSE=0.1075 val_MAE=0.0298 val_CORR=0.6076 NSEmed=0.409 (4s)
[RKAN_L2] ep   7/18 grid=10 train_rmse=0.1029 val_RMSE=0.1070 val_MAE=0.0258 val_CORR=0.6109 NSEmed=0.506 (5s)
[RKAN_L2] ep   8/18 grid=10 train_rmse=0.1021 val_RMSE=0.1073 val_MAE=0.0260 val_CORR=0.6093 NSEmed=0.476 (4s)
[RKAN_L2] ep   9/18 grid=10 train_rmse=0.1016 val_RMSE=0.1088 val_MAE=0.0265 val_CORR=0.5981 NSEmed=0.474 (6s)
[RKAN_L2] ep  10/18 grid=20 train_rmse=0.1014 val_RMSE=0.1081 val_MAE=0.0265 val_CORR=0.6030 NSEmed=0.463 (5s)
[RKAN_L2] ep  11/18 grid=20 train_rmse=0.1010 val_RMSE=0.1089 val_MAE=0.0259 val_CORR=0.5976 NSEmed=0.480 (4s)
[RKAN_L2] ep  12/18 grid=20 train_rmse=0.1006 val_RMSE=0.1081 val_MAE=0.0264 val_CORR=0.6031 NSEmed=0.466 (4s)
[RKAN_L2] ep  13/18 grid=50 train_rmse=0.1004 val_RMSE=0.1081 val_MAE=0.0263 val_CORR=0.6029 NSEmed=0.472 (4s)
[RKAN_L2] ep  14/18 grid=50 train_rmse=0.1001 val_RMSE=0.1077 val_MAE=0.0263 val_CORR=0.6061 NSEmed=0.473 (4s)
[RKAN_L2] ep  15/18 grid=50 train_rmse=0.0998 val_RMSE=0.1072 val_MAE=0.0266 val_CORR=0.6098 NSEmed=0.469 (4s)
[RKAN_L2] ep  16/18 grid=100 train_rmse=0.0996 val_RMSE=0.1081 val_MAE=0.0263 val_CORR=0.6032 NSEmed=0.476 (4s)
[RKAN_L2] ep  17/18 grid=100 train_rmse=0.0994 val_RMSE=0.1086 val_MAE=0.0266 val_CORR=0.5993 NSEmed=0.465 (4s)
[RKAN_L2] ep  18/18 grid=100 train_rmse=0.0992 val_RMSE=0.1082 val_MAE=0.0270 val_CORR=0.6025 NSEmed=0.454 (4s)
==> RKAN_L2: val RMSE 0.1070 CORR 0.6109 | test RMSE 0.1054 (82s)
[FKAN_L2] ep   1/18 grid=3 train_rmse=0.1232 val_RMSE=0.1261 val_MAE=0.0303 val_CORR=0.4602 NSEmed=0.420 (2s)
[FKAN_L2] ep   2/18 grid=3 train_rmse=0.1147 val_RMSE=0.1191 val_MAE=0.0318 val_CORR=0.5180 NSEmed=0.393 (2s)
[FKAN_L2] ep   3/18 grid=3 train_rmse=0.1110 val_RMSE=0.1161 val_MAE=0.0262 val_CORR=0.5426 NSEmed=0.483 (2s)
[FKAN_L2] ep   4/18 grid=5 train_rmse=0.1092 val_RMSE=0.1150 val_MAE=0.0313 val_CORR=0.5507 NSEmed=0.416 (2s)
[FKAN_L2] ep   5/18 grid=5 train_rmse=0.1082 val_RMSE=0.1129 val_MAE=0.0291 val_CORR=0.5674 NSEmed=0.402 (2s)
[FKAN_L2] ep   6/18 grid=5 train_rmse=0.1075 val_RMSE=0.1146 val_MAE=0.0382 val_CORR=0.5538 NSEmed=0.267 (2s)
[FKAN_L2] ep   7/18 grid=10 train_rmse=0.1072 val_RMSE=0.1115 val_MAE=0.0279 val_CORR=0.5780 NSEmed=0.478 (2s)
[FKAN_L2] ep   8/18 grid=10 train_rmse=0.1068 val_RMSE=0.1116 val_MAE=0.0327 val_CORR=0.5768 NSEmed=0.397 (2s)
[FKAN_L2] ep   9/18 grid=10 train_rmse=0.1063 val_RMSE=0.1142 val_MAE=0.0431 val_CORR=0.5573 NSEmed=0.168 (2s)
[FKAN_L2] ep  10/18 grid=20 train_rmse=0.1058 val_RMSE=0.1125 val_MAE=0.0293 val_CORR=0.5701 NSEmed=0.404 (2s)
[FKAN_L2] ep  11/18 grid=20 train_rmse=0.1050 val_RMSE=0.1139 val_MAE=0.0300 val_CORR=0.5593 NSEmed=0.450 (2s)
[FKAN_L2] ep  12/18 grid=20 train_rmse=0.1048 val_RMSE=0.1103 val_MAE=0.0277 val_CORR=0.5867 NSEmed=0.464 (2s)
[FKAN_L2] ep  13/18 grid=50 train_rmse=0.1042 val_RMSE=0.1116 val_MAE=0.0303 val_CORR=0.5771 NSEmed=0.423 (2s)
[FKAN_L2] ep  14/18 grid=50 train_rmse=0.1038 val_RMSE=0.1117 val_MAE=0.0322 val_CORR=0.5760 NSEmed=0.384 (2s)
[FKAN_L2] ep  15/18 grid=50 train_rmse=0.1036 val_RMSE=0.1126 val_MAE=0.0320 val_CORR=0.5697 NSEmed=0.347 (2s)
[FKAN_L2] ep  16/18 grid=100 train_rmse=0.1033 val_RMSE=0.1124 val_MAE=0.0307 val_CORR=0.5707 NSEmed=0.413 (2s)
[FKAN_L2] ep  17/18 grid=100 train_rmse=0.1029 val_RMSE=0.1128 val_MAE=0.0364 val_CORR=0.5676 NSEmed=0.294 (2s)
[FKAN_L2] ep  18/18 grid=100 train_rmse=0.1027 val_RMSE=0.1142 val_MAE=0.0344 val_CORR=0.5567 NSEmed=0.323 (2s)
==> FKAN_L2: val RMSE 0.1103 CORR 0.5867 | test RMSE 0.1066 (36s)
[RFKAN_L2] ep   1/18 grid=3 train_rmse=0.1226 val_RMSE=0.1226 val_MAE=0.0345 val_CORR=0.4891 NSEmed=0.377 (3s)
[RFKAN_L2] ep   2/18 grid=3 train_rmse=0.1120 val_RMSE=0.1153 val_MAE=0.0280 val_CORR=0.5487 NSEmed=0.460 (3s)
[RFKAN_L2] ep   3/18 grid=3 train_rmse=0.1088 val_RMSE=0.1126 val_MAE=0.0254 val_CORR=0.5698 NSEmed=0.529 (3s)
[RFKAN_L2] ep   4/18 grid=5 train_rmse=0.1074 val_RMSE=0.1147 val_MAE=0.0365 val_CORR=0.5531 NSEmed=0.303 (3s)
[RFKAN_L2] ep   5/18 grid=5 train_rmse=0.1063 val_RMSE=0.1112 val_MAE=0.0322 val_CORR=0.5804 NSEmed=0.342 (3s)
[RFKAN_L2] ep   6/18 grid=5 train_rmse=0.1056 val_RMSE=0.1104 val_MAE=0.0256 val_CORR=0.5859 NSEmed=0.501 (3s)
[RFKAN_L2] ep   7/18 grid=10 train_rmse=0.1050 val_RMSE=0.1080 val_MAE=0.0268 val_CORR=0.6042 NSEmed=0.502 (3s)
[RFKAN_L2] ep   8/18 grid=10 train_rmse=0.1045 val_RMSE=0.1090 val_MAE=0.0322 val_CORR=0.5964 NSEmed=0.353 (3s)
[RFKAN_L2] ep   9/18 grid=10 train_rmse=0.1041 val_RMSE=0.1080 val_MAE=0.0284 val_CORR=0.6042 NSEmed=0.441 (3s)
[RFKAN_L2] ep  10/18 grid=20 train_rmse=0.1035 val_RMSE=0.1093 val_MAE=0.0289 val_CORR=0.5942 NSEmed=0.459 (3s)
[RFKAN_L2] ep  11/18 grid=20 train_rmse=0.1028 val_RMSE=0.1088 val_MAE=0.0301 val_CORR=0.5979 NSEmed=0.461 (4s)
[RFKAN_L2] ep  12/18 grid=20 train_rmse=0.1028 val_RMSE=0.1079 val_MAE=0.0287 val_CORR=0.6046 NSEmed=0.470 (4s)
[RFKAN_L2] ep  13/18 grid=50 train_rmse=0.1023 val_RMSE=0.1098 val_MAE=0.0322 val_CORR=0.5905 NSEmed=0.407 (3s)
[RFKAN_L2] ep  14/18 grid=50 train_rmse=0.1015 val_RMSE=0.1097 val_MAE=0.0324 val_CORR=0.5915 NSEmed=0.397 (4s)
[RFKAN_L2] ep  15/18 grid=50 train_rmse=0.1015 val_RMSE=0.1117 val_MAE=0.0367 val_CORR=0.5766 NSEmed=0.281 (4s)
[RFKAN_L2] ep  16/18 grid=100 train_rmse=0.1013 val_RMSE=0.1108 val_MAE=0.0338 val_CORR=0.5829 NSEmed=0.348 (4s)
[RFKAN_L2] ep  17/18 grid=100 train_rmse=0.1006 val_RMSE=0.1115 val_MAE=0.0343 val_CORR=0.5780 NSEmed=0.346 (3s)
[RFKAN_L2] ep  18/18 grid=100 train_rmse=0.1006 val_RMSE=0.1118 val_MAE=0.0352 val_CORR=0.5755 NSEmed=0.320 (4s)
==> RFKAN_L2: val RMSE 0.1079 CORR 0.6046 | test RMSE 0.1058 (63s)
[KAN_L12] ep   1/18 grid=3 train_rmse=0.1258 val_RMSE=0.1362 val_MAE=0.0298 val_CORR=0.3701 NSEmed=0.421 (3s)
[KAN_L12] ep   2/18 grid=3 train_rmse=0.1238 val_RMSE=0.1328 val_MAE=0.0317 val_CORR=0.4007 NSEmed=0.331 (4s)
[KAN_L12] ep   3/18 grid=3 train_rmse=0.1200 val_RMSE=0.1289 val_MAE=0.0344 val_CORR=0.4356 NSEmed=0.213 (3s)
[KAN_L12] ep   4/18 grid=5 train_rmse=0.1124 val_RMSE=0.1211 val_MAE=0.0336 val_CORR=0.5022 NSEmed=0.327 (3s)
[KAN_L12] ep   5/18 grid=5 train_rmse=0.1086 val_RMSE=0.1162 val_MAE=0.0281 val_CORR=0.5414 NSEmed=0.426 (3s)
[KAN_L12] ep   6/18 grid=5 train_rmse=0.1068 val_RMSE=0.1148 val_MAE=0.0315 val_CORR=0.5522 NSEmed=0.378 (3s)
[KAN_L12] ep   7/18 grid=10 train_rmse=0.1063 val_RMSE=0.1151 val_MAE=0.0299 val_CORR=0.5499 NSEmed=0.418 (3s)
[KAN_L12] ep   8/18 grid=10 train_rmse=0.1050 val_RMSE=0.1143 val_MAE=0.0297 val_CORR=0.5562 NSEmed=0.414 (3s)
[KAN_L12] ep   9/18 grid=10 train_rmse=0.1041 val_RMSE=0.1142 val_MAE=0.0300 val_CORR=0.5573 NSEmed=0.388 (3s)
[KAN_L12] ep  10/18 grid=20 train_rmse=0.1046 val_RMSE=0.1162 val_MAE=0.0295 val_CORR=0.5414 NSEmed=0.399 (3s)
[KAN_L12] ep  11/18 grid=20 train_rmse=0.1037 val_RMSE=0.1169 val_MAE=0.0312 val_CORR=0.5359 NSEmed=0.357 (3s)
[KAN_L12] ep  12/18 grid=20 train_rmse=0.1031 val_RMSE=0.1155 val_MAE=0.0302 val_CORR=0.5473 NSEmed=0.405 (3s)
[KAN_L12] ep  13/18 grid=50 train_rmse=0.1041 val_RMSE=0.1172 val_MAE=0.0306 val_CORR=0.5334 NSEmed=0.390 (3s)
[KAN_L12] ep  14/18 grid=50 train_rmse=0.1034 val_RMSE=0.1170 val_MAE=0.0306 val_CORR=0.5351 NSEmed=0.377 (3s)
[KAN_L12] ep  15/18 grid=50 train_rmse=0.1029 val_RMSE=0.1170 val_MAE=0.0321 val_CORR=0.5353 NSEmed=0.357 (3s)
[KAN_L12] ep  16/18 grid=100 train_rmse=0.1030 val_RMSE=0.1173 val_MAE=0.0318 val_CORR=0.5330 NSEmed=0.370 (3s)
[KAN_L12] ep  17/18 grid=100 train_rmse=0.1024 val_RMSE=0.1173 val_MAE=0.0321 val_CORR=0.5327 NSEmed=0.365 (3s)
[KAN_L12] ep  18/18 grid=100 train_rmse=0.1020 val_RMSE=0.1173 val_MAE=0.0323 val_CORR=0.5330 NSEmed=0.357 (3s)
==> KAN_L12: val RMSE 0.1142 CORR 0.5573 | test RMSE 0.1083 (56s)
[RKAN_L12] ep   1/18 grid=3 train_rmse=0.1243 val_RMSE=0.1374 val_MAE=0.0356 val_CORR=0.3589 NSEmed=0.313 (7s)
[RKAN_L12] ep   2/18 grid=3 train_rmse=0.1178 val_RMSE=0.1203 val_MAE=0.0307 val_CORR=0.5089 NSEmed=0.386 (7s)
[RKAN_L12] ep   3/18 grid=3 train_rmse=0.1112 val_RMSE=0.1124 val_MAE=0.0288 val_CORR=0.5713 NSEmed=0.420 (7s)
[RKAN_L12] ep   4/18 grid=5 train_rmse=0.1074 val_RMSE=0.1097 val_MAE=0.0273 val_CORR=0.5912 NSEmed=0.445 (7s)
[RKAN_L12] ep   5/18 grid=5 train_rmse=0.1055 val_RMSE=0.1083 val_MAE=0.0278 val_CORR=0.6015 NSEmed=0.394 (8s)
[RKAN_L12] ep   6/18 grid=5 train_rmse=0.1042 val_RMSE=0.1095 val_MAE=0.0300 val_CORR=0.5929 NSEmed=0.382 (7s)
[RKAN_L12] ep   7/18 grid=10 train_rmse=0.1035 val_RMSE=0.1064 val_MAE=0.0257 val_CORR=0.6154 NSEmed=0.475 (7s)
[RKAN_L12] ep   8/18 grid=10 train_rmse=0.1025 val_RMSE=0.1073 val_MAE=0.0273 val_CORR=0.6093 NSEmed=0.454 (6s)
[RKAN_L12] ep   9/18 grid=10 train_rmse=0.1018 val_RMSE=0.1075 val_MAE=0.0266 val_CORR=0.6076 NSEmed=0.476 (8s)
[RKAN_L12] ep  10/18 grid=20 train_rmse=0.1012 val_RMSE=0.1084 val_MAE=0.0285 val_CORR=0.6009 NSEmed=0.405 (8s)
[RKAN_L12] ep  11/18 grid=20 train_rmse=0.1007 val_RMSE=0.1073 val_MAE=0.0275 val_CORR=0.6091 NSEmed=0.462 (7s)
[RKAN_L12] ep  12/18 grid=20 train_rmse=0.1003 val_RMSE=0.1072 val_MAE=0.0272 val_CORR=0.6100 NSEmed=0.463 (8s)
[RKAN_L12] ep  13/18 grid=50 train_rmse=0.1001 val_RMSE=0.1071 val_MAE=0.0273 val_CORR=0.6104 NSEmed=0.454 (8s)
[RKAN_L12] ep  14/18 grid=50 train_rmse=0.0997 val_RMSE=0.1072 val_MAE=0.0277 val_CORR=0.6094 NSEmed=0.437 (7s)
[RKAN_L12] ep  15/18 grid=50 train_rmse=0.0993 val_RMSE=0.1072 val_MAE=0.0280 val_CORR=0.6099 NSEmed=0.441 (8s)
[RKAN_L12] ep  16/18 grid=100 train_rmse=0.0991 val_RMSE=0.1072 val_MAE=0.0279 val_CORR=0.6098 NSEmed=0.444 (9s)
[RKAN_L12] ep  17/18 grid=100 train_rmse=0.0987 val_RMSE=0.1073 val_MAE=0.0280 val_CORR=0.6093 NSEmed=0.442 (9s)
[RKAN_L12] ep  18/18 grid=100 train_rmse=0.0985 val_RMSE=0.1075 val_MAE=0.0285 val_CORR=0.6077 NSEmed=0.424 (9s)
==> RKAN_L12: val RMSE 0.1064 CORR 0.6154 | test RMSE 0.1039 (140s)
[FKAN_L12] ep   1/18 grid=3 train_rmse=0.1225 val_RMSE=0.1303 val_MAE=0.0373 val_CORR=0.4230 NSEmed=0.296 (2s)
[FKAN_L12] ep   2/18 grid=3 train_rmse=0.1188 val_RMSE=0.1300 val_MAE=0.0402 val_CORR=0.4262 NSEmed=0.204 (2s)
[FKAN_L12] ep   3/18 grid=3 train_rmse=0.1167 val_RMSE=0.1270 val_MAE=0.0376 val_CORR=0.4524 NSEmed=0.225 (2s)
[FKAN_L12] ep   4/18 grid=5 train_rmse=0.1160 val_RMSE=0.1295 val_MAE=0.0378 val_CORR=0.4305 NSEmed=0.224 (3s)
[FKAN_L12] ep   5/18 grid=5 train_rmse=0.1156 val_RMSE=0.1315 val_MAE=0.0444 val_CORR=0.4124 NSEmed=0.083 (2s)
[FKAN_L12] ep   6/18 grid=5 train_rmse=0.1152 val_RMSE=0.1295 val_MAE=0.0394 val_CORR=0.4304 NSEmed=0.194 (2s)
[FKAN_L12] ep   7/18 grid=10 train_rmse=0.1145 val_RMSE=0.1269 val_MAE=0.0329 val_CORR=0.4535 NSEmed=0.343 (2s)
[FKAN_L12] ep   8/18 grid=10 train_rmse=0.1138 val_RMSE=0.1231 val_MAE=0.0330 val_CORR=0.4857 NSEmed=0.329 (2s)
[FKAN_L12] ep   9/18 grid=10 train_rmse=0.1130 val_RMSE=0.1271 val_MAE=0.0385 val_CORR=0.4516 NSEmed=0.208 (2s)
[FKAN_L12] ep  10/18 grid=20 train_rmse=0.1122 val_RMSE=0.1298 val_MAE=0.0419 val_CORR=0.4280 NSEmed=0.007 (2s)
[FKAN_L12] ep  11/18 grid=20 train_rmse=0.1117 val_RMSE=0.1273 val_MAE=0.0444 val_CORR=0.4495 NSEmed=0.108 (2s)
[FKAN_L12] ep  12/18 grid=20 train_rmse=0.1113 val_RMSE=0.1249 val_MAE=0.0350 val_CORR=0.4701 NSEmed=0.296 (2s)
[FKAN_L12] ep  13/18 grid=50 train_rmse=0.1104 val_RMSE=0.1277 val_MAE=0.0420 val_CORR=0.4460 NSEmed=0.077 (2s)
[FKAN_L12] ep  14/18 grid=50 train_rmse=0.1107 val_RMSE=0.1225 val_MAE=0.0346 val_CORR=0.4904 NSEmed=0.292 (2s)
[FKAN_L12] ep  15/18 grid=50 train_rmse=0.1101 val_RMSE=0.1292 val_MAE=0.0531 val_CORR=0.4327 NSEmed=-0.105 (2s)
[FKAN_L12] ep  16/18 grid=100 train_rmse=0.1105 val_RMSE=0.1262 val_MAE=0.0431 val_CORR=0.4589 NSEmed=0.064 (2s)
[FKAN_L12] ep  17/18 grid=100 train_rmse=0.1112 val_RMSE=0.1265 val_MAE=0.0431 val_CORR=0.4564 NSEmed=0.100 (2s)
[FKAN_L12] ep  18/18 grid=100 train_rmse=0.1112 val_RMSE=0.1285 val_MAE=0.0460 val_CORR=0.4391 NSEmed=0.016 (2s)
==> FKAN_L12: val RMSE 0.1225 CORR 0.4904 | test RMSE 0.1145 (40s)
[RFKAN_L12] ep   1/18 grid=3 train_rmse=0.1219 val_RMSE=0.1236 val_MAE=0.0368 val_CORR=0.4810 NSEmed=0.294 (6s)
[RFKAN_L12] ep   2/18 grid=3 train_rmse=0.1122 val_RMSE=0.1164 val_MAE=0.0325 val_CORR=0.5402 NSEmed=0.374 (7s)
[RFKAN_L12] ep   3/18 grid=3 train_rmse=0.1093 val_RMSE=0.1133 val_MAE=0.0311 val_CORR=0.5643 NSEmed=0.405 (7s)
[RFKAN_L12] ep   4/18 grid=5 train_rmse=0.1076 val_RMSE=0.1140 val_MAE=0.0317 val_CORR=0.5588 NSEmed=0.389 (6s)
[RFKAN_L12] ep   5/18 grid=5 train_rmse=0.1068 val_RMSE=0.1153 val_MAE=0.0387 val_CORR=0.5481 NSEmed=0.184 (6s)
[RFKAN_L12] ep   6/18 grid=5 train_rmse=0.1058 val_RMSE=0.1133 val_MAE=0.0300 val_CORR=0.5638 NSEmed=0.378 (6s)
[RFKAN_L12] ep   7/18 grid=10 train_rmse=0.1051 val_RMSE=0.1116 val_MAE=0.0316 val_CORR=0.5771 NSEmed=0.364 (5s)
[RFKAN_L12] ep   8/18 grid=10 train_rmse=0.1043 val_RMSE=0.1262 val_MAE=0.0529 val_CORR=0.4595 NSEmed=-0.170 (5s)
[RFKAN_L12] ep   9/18 grid=10 train_rmse=0.1039 val_RMSE=0.1189 val_MAE=0.0422 val_CORR=0.5200 NSEmed=0.057 (5s)
[RFKAN_L12] ep  10/18 grid=20 train_rmse=0.1033 val_RMSE=0.1294 val_MAE=0.0558 val_CORR=0.4312 NSEmed=-0.272 (5s)
[RFKAN_L12] ep  11/18 grid=20 train_rmse=0.1026 val_RMSE=0.1197 val_MAE=0.0437 val_CORR=0.5136 NSEmed=0.090 (5s)
[RFKAN_L12] ep  12/18 grid=20 train_rmse=0.1025 val_RMSE=0.1275 val_MAE=0.0530 val_CORR=0.4478 NSEmed=-0.188 (5s)
[RFKAN_L12] ep  13/18 grid=50 train_rmse=0.1019 val_RMSE=0.1240 val_MAE=0.0494 val_CORR=0.4781 NSEmed=-0.090 (5s)
[RFKAN_L12] ep  14/18 grid=50 train_rmse=0.1013 val_RMSE=0.1213 val_MAE=0.0486 val_CORR=0.5005 NSEmed=-0.094 (7s)
[RFKAN_L12] ep  15/18 grid=50 train_rmse=0.1011 val_RMSE=0.1228 val_MAE=0.0507 val_CORR=0.4879 NSEmed=-0.133 (6s)
[RFKAN_L12] ep  16/18 grid=100 train_rmse=0.1010 val_RMSE=0.1213 val_MAE=0.0479 val_CORR=0.5005 NSEmed=-0.061 (6s)
[RFKAN_L12] ep  17/18 grid=100 train_rmse=0.1005 val_RMSE=0.1199 val_MAE=0.0474 val_CORR=0.5115 NSEmed=-0.032 (6s)
[RFKAN_L12] ep  18/18 grid=100 train_rmse=0.1003 val_RMSE=0.1238 val_MAE=0.0498 val_CORR=0.4797 NSEmed=-0.144 (7s)
==> RFKAN_L12: val RMSE 0.1116 CORR 0.5771 | test RMSE 0.1074 (106s)
[KAN_L24] ep   1/18 grid=3 train_rmse=0.1259 val_RMSE=0.1364 val_MAE=0.0282 val_CORR=0.3685 NSEmed=0.420 (3s)
[KAN_L24] ep   2/18 grid=3 train_rmse=0.1244 val_RMSE=0.1350 val_MAE=0.0331 val_CORR=0.3813 NSEmed=0.258 (3s)
[KAN_L24] ep   3/18 grid=3 train_rmse=0.1219 val_RMSE=0.1316 val_MAE=0.0321 val_CORR=0.4121 NSEmed=0.281 (3s)
[KAN_L24] ep   4/18 grid=5 train_rmse=0.1147 val_RMSE=0.1231 val_MAE=0.0343 val_CORR=0.4849 NSEmed=0.320 (3s)
[KAN_L24] ep   5/18 grid=5 train_rmse=0.1106 val_RMSE=0.1201 val_MAE=0.0346 val_CORR=0.5099 NSEmed=0.350 (3s)
[KAN_L24] ep   6/18 grid=5 train_rmse=0.1085 val_RMSE=0.1183 val_MAE=0.0306 val_CORR=0.5243 NSEmed=0.368 (3s)
[KAN_L24] ep   7/18 grid=10 train_rmse=0.1073 val_RMSE=0.1174 val_MAE=0.0310 val_CORR=0.5317 NSEmed=0.392 (3s)
[KAN_L24] ep   8/18 grid=10 train_rmse=0.1060 val_RMSE=0.1171 val_MAE=0.0319 val_CORR=0.5344 NSEmed=0.367 (3s)
[KAN_L24] ep   9/18 grid=10 train_rmse=0.1050 val_RMSE=0.1166 val_MAE=0.0323 val_CORR=0.5382 NSEmed=0.337 (3s)
[KAN_L24] ep  10/18 grid=20 train_rmse=0.1056 val_RMSE=0.1186 val_MAE=0.0316 val_CORR=0.5222 NSEmed=0.377 (3s)
[KAN_L24] ep  11/18 grid=20 train_rmse=0.1045 val_RMSE=0.1187 val_MAE=0.0337 val_CORR=0.5216 NSEmed=0.329 (3s)
[KAN_L24] ep  12/18 grid=20 train_rmse=0.1037 val_RMSE=0.1188 val_MAE=0.0342 val_CORR=0.5209 NSEmed=0.311 (3s)
[KAN_L24] ep  13/18 grid=50 train_rmse=0.1047 val_RMSE=0.1206 val_MAE=0.0357 val_CORR=0.5060 NSEmed=0.302 (3s)
[KAN_L24] ep  14/18 grid=50 train_rmse=0.1037 val_RMSE=0.1202 val_MAE=0.0360 val_CORR=0.5089 NSEmed=0.289 (3s)
[KAN_L24] ep  15/18 grid=50 train_rmse=0.1029 val_RMSE=0.1209 val_MAE=0.0378 val_CORR=0.5036 NSEmed=0.249 (3s)
[KAN_L24] ep  16/18 grid=100 train_rmse=0.1028 val_RMSE=0.1209 val_MAE=0.0369 val_CORR=0.5038 NSEmed=0.277 (4s)
[KAN_L24] ep  17/18 grid=100 train_rmse=0.1022 val_RMSE=0.1210 val_MAE=0.0371 val_CORR=0.5029 NSEmed=0.258 (4s)
[KAN_L24] ep  18/18 grid=100 train_rmse=0.1016 val_RMSE=0.1211 val_MAE=0.0376 val_CORR=0.5017 NSEmed=0.249 (4s)
==> KAN_L24: val RMSE 0.1166 CORR 0.5382 | test RMSE 0.1105 (61s)
[RKAN_L24] ep   1/18 grid=3 train_rmse=0.1231 val_RMSE=0.1369 val_MAE=0.0301 val_CORR=0.3637 NSEmed=0.392 (12s)
[RKAN_L24] ep   2/18 grid=3 train_rmse=0.1151 val_RMSE=0.1172 val_MAE=0.0333 val_CORR=0.5334 NSEmed=0.342 (13s)
[RKAN_L24] ep   3/18 grid=3 train_rmse=0.1095 val_RMSE=0.1128 val_MAE=0.0319 val_CORR=0.5675 NSEmed=0.369 (11s)
[RKAN_L24] ep   4/18 grid=5 train_rmse=0.1069 val_RMSE=0.1105 val_MAE=0.0282 val_CORR=0.5851 NSEmed=0.424 (15s)
[RKAN_L24] ep   5/18 grid=5 train_rmse=0.1053 val_RMSE=0.1088 val_MAE=0.0316 val_CORR=0.5977 NSEmed=0.334 (12s)
[RKAN_L24] ep   6/18 grid=5 train_rmse=0.1038 val_RMSE=0.1083 val_MAE=0.0310 val_CORR=0.6015 NSEmed=0.370 (13s)
[RKAN_L24] ep   7/18 grid=10 train_rmse=0.1030 val_RMSE=0.1072 val_MAE=0.0296 val_CORR=0.6099 NSEmed=0.434 (10s)
[RKAN_L24] ep   8/18 grid=10 train_rmse=0.1020 val_RMSE=0.1077 val_MAE=0.0294 val_CORR=0.6064 NSEmed=0.396 (12s)
[RKAN_L24] ep   9/18 grid=10 train_rmse=0.1013 val_RMSE=0.1091 val_MAE=0.0283 val_CORR=0.5957 NSEmed=0.425 (11s)
[RKAN_L24] ep  10/18 grid=20 train_rmse=0.1007 val_RMSE=0.1077 val_MAE=0.0283 val_CORR=0.6061 NSEmed=0.428 (10s)
[RKAN_L24] ep  11/18 grid=20 train_rmse=0.1001 val_RMSE=0.1081 val_MAE=0.0282 val_CORR=0.6035 NSEmed=0.429 (10s)
[RKAN_L24] ep  12/18 grid=20 train_rmse=0.0997 val_RMSE=0.1070 val_MAE=0.0279 val_CORR=0.6110 NSEmed=0.439 (10s)
[RKAN_L24] ep  13/18 grid=50 train_rmse=0.0995 val_RMSE=0.1073 val_MAE=0.0283 val_CORR=0.6093 NSEmed=0.439 (14s)
[RKAN_L24] ep  14/18 grid=50 train_rmse=0.0991 val_RMSE=0.1069 val_MAE=0.0289 val_CORR=0.6119 NSEmed=0.442 (13s)
[RKAN_L24] ep  15/18 grid=50 train_rmse=0.0988 val_RMSE=0.1066 val_MAE=0.0297 val_CORR=0.6140 NSEmed=0.425 (13s)
[RKAN_L24] ep  16/18 grid=100 train_rmse=0.0987 val_RMSE=0.1072 val_MAE=0.0288 val_CORR=0.6099 NSEmed=0.439 (17s)
[RKAN_L24] ep  17/18 grid=100 train_rmse=0.0983 val_RMSE=0.1074 val_MAE=0.0290 val_CORR=0.6083 NSEmed=0.420 (17s)
[RKAN_L24] ep  18/18 grid=100 train_rmse=0.0981 val_RMSE=0.1072 val_MAE=0.0296 val_CORR=0.6099 NSEmed=0.411 (17s)
==> RKAN_L24: val RMSE 0.1066 CORR 0.6140 | test RMSE 0.1047 (235s)
[FKAN_L24] ep   1/18 grid=3 train_rmse=0.1242 val_RMSE=0.1339 val_MAE=0.0391 val_CORR=0.3910 NSEmed=0.238 (2s)
[FKAN_L24] ep   2/18 grid=3 train_rmse=0.1216 val_RMSE=0.1307 val_MAE=0.0339 val_CORR=0.4203 NSEmed=0.332 (2s)
[FKAN_L24] ep   3/18 grid=3 train_rmse=0.1205 val_RMSE=0.1306 val_MAE=0.0387 val_CORR=0.4207 NSEmed=0.273 (2s)
[FKAN_L24] ep   4/18 grid=5 train_rmse=0.1192 val_RMSE=0.1348 val_MAE=0.0478 val_CORR=0.3829 NSEmed=0.052 (2s)
[FKAN_L24] ep   5/18 grid=5 train_rmse=0.1196 val_RMSE=0.1325 val_MAE=0.0425 val_CORR=0.4040 NSEmed=0.153 (2s)
[FKAN_L24] ep   6/18 grid=5 train_rmse=0.1188 val_RMSE=0.1324 val_MAE=0.0401 val_CORR=0.4047 NSEmed=0.164 (3s)
[FKAN_L24] ep   7/18 grid=10 train_rmse=0.1181 val_RMSE=0.1310 val_MAE=0.0341 val_CORR=0.4171 NSEmed=0.293 (3s)
[FKAN_L24] ep   8/18 grid=10 train_rmse=0.1193 val_RMSE=0.1344 val_MAE=0.0457 val_CORR=0.3863 NSEmed=0.062 (2s)
[FKAN_L24] ep   9/18 grid=10 train_rmse=0.1189 val_RMSE=0.1401 val_MAE=0.0556 val_CORR=0.3330 NSEmed=-0.130 (2s)
[FKAN_L24] ep  10/18 grid=20 train_rmse=0.1184 val_RMSE=0.1319 val_MAE=0.0413 val_CORR=0.4093 NSEmed=0.131 (3s)
[FKAN_L24] ep  11/18 grid=20 train_rmse=0.1175 val_RMSE=0.1331 val_MAE=0.0457 val_CORR=0.3982 NSEmed=0.043 (2s)
[FKAN_L24] ep  12/18 grid=20 train_rmse=0.1176 val_RMSE=0.1301 val_MAE=0.0396 val_CORR=0.4252 NSEmed=0.165 (2s)
[FKAN_L24] ep  13/18 grid=50 train_rmse=0.1175 val_RMSE=0.1316 val_MAE=0.0369 val_CORR=0.4120 NSEmed=0.274 (2s)
[FKAN_L24] ep  14/18 grid=50 train_rmse=0.1186 val_RMSE=0.1300 val_MAE=0.0392 val_CORR=0.4262 NSEmed=0.195 (2s)
[FKAN_L24] ep  15/18 grid=50 train_rmse=0.1183 val_RMSE=0.1338 val_MAE=0.0434 val_CORR=0.3922 NSEmed=0.076 (2s)
[FKAN_L24] ep  16/18 grid=100 train_rmse=0.1187 val_RMSE=0.1315 val_MAE=0.0408 val_CORR=0.4128 NSEmed=0.138 (2s)
[FKAN_L24] ep  17/18 grid=100 train_rmse=0.1211 val_RMSE=0.1344 val_MAE=0.0459 val_CORR=0.3863 NSEmed=0.019 (2s)
[FKAN_L24] ep  18/18 grid=100 train_rmse=0.1222 val_RMSE=0.1433 val_MAE=0.0584 val_CORR=0.3026 NSEmed=-0.354 (2s)
==> FKAN_L24: val RMSE 0.1300 CORR 0.4262 | test RMSE 0.1185 (43s)
[RFKAN_L24] ep   1/18 grid=3 train_rmse=0.1210 val_RMSE=0.1227 val_MAE=0.0397 val_CORR=0.4889 NSEmed=0.217 (9s)
[RFKAN_L24] ep   2/18 grid=3 train_rmse=0.1119 val_RMSE=0.1167 val_MAE=0.0345 val_CORR=0.5374 NSEmed=0.338 (8s)
[RFKAN_L24] ep   3/18 grid=3 train_rmse=0.1095 val_RMSE=0.1156 val_MAE=0.0389 val_CORR=0.5464 NSEmed=0.266 (9s)
[RFKAN_L24] ep   4/18 grid=5 train_rmse=0.1081 val_RMSE=0.1147 val_MAE=0.0340 val_CORR=0.5531 NSEmed=0.348 (10s)
[RFKAN_L24] ep   5/18 grid=5 train_rmse=0.1068 val_RMSE=0.1124 val_MAE=0.0365 val_CORR=0.5711 NSEmed=0.247 (10s)
[RFKAN_L24] ep   6/18 grid=5 train_rmse=0.1066 val_RMSE=0.1110 val_MAE=0.0341 val_CORR=0.5813 NSEmed=0.325 (8s)
[RFKAN_L24] ep   7/18 grid=10 train_rmse=0.1055 val_RMSE=0.1085 val_MAE=0.0286 val_CORR=0.6000 NSEmed=0.457 (12s)
[RFKAN_L24] ep   8/18 grid=10 train_rmse=0.1046 val_RMSE=0.1089 val_MAE=0.0347 val_CORR=0.5973 NSEmed=0.280 (11s)
[RFKAN_L24] ep   9/18 grid=10 train_rmse=0.1044 val_RMSE=0.1074 val_MAE=0.0277 val_CORR=0.6085 NSEmed=0.425 (10s)
[RFKAN_L24] ep  10/18 grid=20 train_rmse=0.1037 val_RMSE=0.1092 val_MAE=0.0281 val_CORR=0.5949 NSEmed=0.440 (9s)
[RFKAN_L24] ep  11/18 grid=20 train_rmse=0.1030 val_RMSE=0.1079 val_MAE=0.0311 val_CORR=0.6047 NSEmed=0.381 (9s)
[RFKAN_L24] ep  12/18 grid=20 train_rmse=0.1027 val_RMSE=0.1095 val_MAE=0.0310 val_CORR=0.5926 NSEmed=0.377 (10s)
[RFKAN_L24] ep  13/18 grid=50 train_rmse=0.1023 val_RMSE=0.1095 val_MAE=0.0320 val_CORR=0.5929 NSEmed=0.371 (9s)
[RFKAN_L24] ep  14/18 grid=50 train_rmse=0.1018 val_RMSE=0.1090 val_MAE=0.0316 val_CORR=0.5968 NSEmed=0.389 (11s)
[RFKAN_L24] ep  15/18 grid=50 train_rmse=0.1014 val_RMSE=0.1110 val_MAE=0.0354 val_CORR=0.5817 NSEmed=0.236 (9s)
[RFKAN_L24] ep  16/18 grid=100 train_rmse=0.1015 val_RMSE=0.1100 val_MAE=0.0328 val_CORR=0.5889 NSEmed=0.354 (9s)
[RFKAN_L24] ep  17/18 grid=100 train_rmse=0.1009 val_RMSE=0.1099 val_MAE=0.0327 val_CORR=0.5898 NSEmed=0.358 (9s)
[RFKAN_L24] ep  18/18 grid=100 train_rmse=0.1006 val_RMSE=0.1108 val_MAE=0.0341 val_CORR=0.5830 NSEmed=0.310 (9s)
==> RFKAN_L24: val RMSE 0.1074 CORR 0.6085 | test RMSE 0.1051 (173s)
[KAN_L168] ep   1/18 grid=3 train_rmse=0.1265 val_RMSE=0.1379 val_MAE=0.0245 val_CORR=0.3545 NSEmed=0.518 (3s)
[KAN_L168] ep   2/18 grid=3 train_rmse=0.1265 val_RMSE=0.1379 val_MAE=0.0246 val_CORR=0.3545 NSEmed=0.514 (3s)
[KAN_L168] ep   3/18 grid=3 train_rmse=0.1265 val_RMSE=0.1379 val_MAE=0.0246 val_CORR=0.3545 NSEmed=0.511 (3s)
[KAN_L168] ep   4/18 grid=5 train_rmse=0.1262 val_RMSE=0.1377 val_MAE=0.0262 val_CORR=0.3561 NSEmed=0.474 (3s)
[KAN_L168] ep   5/18 grid=5 train_rmse=0.1260 val_RMSE=0.1371 val_MAE=0.0258 val_CORR=0.3612 NSEmed=0.480 (3s)
[KAN_L168] ep   6/18 grid=5 train_rmse=0.1258 val_RMSE=0.1376 val_MAE=0.0255 val_CORR=0.3569 NSEmed=0.490 (3s)
[KAN_L168] ep   7/18 grid=10 train_rmse=0.1235 val_RMSE=0.1340 val_MAE=0.0281 val_CORR=0.3900 NSEmed=0.456 (3s)
[KAN_L168] ep   8/18 grid=10 train_rmse=0.1205 val_RMSE=0.1322 val_MAE=0.0315 val_CORR=0.4067 NSEmed=0.393 (3s)
[KAN_L168] ep   9/18 grid=10 train_rmse=0.1184 val_RMSE=0.1310 val_MAE=0.0300 val_CORR=0.4172 NSEmed=0.380 (3s)
[KAN_L168] ep  10/18 grid=20 train_rmse=0.1167 val_RMSE=0.1305 val_MAE=0.0308 val_CORR=0.4219 NSEmed=0.373 (5s)
[KAN_L168] ep  11/18 grid=20 train_rmse=0.1150 val_RMSE=0.1297 val_MAE=0.0312 val_CORR=0.4287 NSEmed=0.370 (5s)
[KAN_L168] ep  12/18 grid=20 train_rmse=0.1135 val_RMSE=0.1288 val_MAE=0.0306 val_CORR=0.4365 NSEmed=0.388 (5s)
[KAN_L168] ep  13/18 grid=50 train_rmse=0.1123 val_RMSE=0.1296 val_MAE=0.0325 val_CORR=0.4292 NSEmed=0.338 (11s)
[KAN_L168] ep  14/18 grid=50 train_rmse=0.1110 val_RMSE=0.1297 val_MAE=0.0337 val_CORR=0.4288 NSEmed=0.302 (11s)
[KAN_L168] ep  15/18 grid=50 train_rmse=0.1100 val_RMSE=0.1302 val_MAE=0.0365 val_CORR=0.4246 NSEmed=0.242 (11s)
[KAN_L168] ep  16/18 grid=100 train_rmse=0.1095 val_RMSE=0.1304 val_MAE=0.0347 val_CORR=0.4224 NSEmed=0.281 (24s)
[KAN_L168] ep  17/18 grid=100 train_rmse=0.1086 val_RMSE=0.1305 val_MAE=0.0354 val_CORR=0.4213 NSEmed=0.252 (23s)
[KAN_L168] ep  18/18 grid=100 train_rmse=0.1079 val_RMSE=0.1308 val_MAE=0.0363 val_CORR=0.4187 NSEmed=0.245 (23s)
==> KAN_L168: val RMSE 0.1288 CORR 0.4365 | test RMSE 0.1117 (484s)
[RKAN_L168] ep   1/18 grid=3 train_rmse=0.1227 val_RMSE=0.1361 val_MAE=0.0291 val_CORR=0.3710 NSEmed=0.419 (37s)
[RKAN_L168] ep   2/18 grid=3 train_rmse=0.1124 val_RMSE=0.1168 val_MAE=0.0356 val_CORR=0.5365 NSEmed=0.312 (42s)
[RKAN_L168] ep   3/18 grid=3 train_rmse=0.1090 val_RMSE=0.1120 val_MAE=0.0335 val_CORR=0.5737 NSEmed=0.338 (49s)
[RKAN_L168] ep   4/18 grid=5 train_rmse=0.1068 val_RMSE=0.1136 val_MAE=0.0338 val_CORR=0.5614 NSEmed=0.271 (46s)
[RKAN_L168] ep   5/18 grid=5 train_rmse=0.1052 val_RMSE=0.1082 val_MAE=0.0306 val_CORR=0.6023 NSEmed=0.347 (48s)
[RKAN_L168] ep   6/18 grid=5 train_rmse=0.1036 val_RMSE=0.1091 val_MAE=0.0359 val_CORR=0.5958 NSEmed=0.254 (49s)
[RKAN_L168] ep   7/18 grid=10 train_rmse=0.1029 val_RMSE=0.1072 val_MAE=0.0302 val_CORR=0.6099 NSEmed=0.418 (50s)
[RKAN_L168] ep   8/18 grid=10 train_rmse=0.1020 val_RMSE=0.1100 val_MAE=0.0362 val_CORR=0.5894 NSEmed=0.262 (57s)
[RKAN_L168] ep   9/18 grid=10 train_rmse=0.1014 val_RMSE=0.1099 val_MAE=0.0343 val_CORR=0.5899 NSEmed=0.320 (53s)
[RKAN_L168] ep  10/18 grid=20 train_rmse=0.1011 val_RMSE=0.1123 val_MAE=0.0391 val_CORR=0.5715 NSEmed=0.222 (61s)
[RKAN_L168] ep  11/18 grid=20 train_rmse=0.1005 val_RMSE=0.1090 val_MAE=0.0328 val_CORR=0.5963 NSEmed=0.351 (63s)
[RKAN_L168] ep  12/18 grid=20 train_rmse=0.1001 val_RMSE=0.1122 val_MAE=0.0399 val_CORR=0.5722 NSEmed=0.225 (60s)
[RKAN_L168] ep  13/18 grid=50 train_rmse=0.1000 val_RMSE=0.1118 val_MAE=0.0397 val_CORR=0.5755 NSEmed=0.246 (79s)
[RKAN_L168] ep  14/18 grid=50 train_rmse=0.0996 val_RMSE=0.1114 val_MAE=0.0394 val_CORR=0.5784 NSEmed=0.244 (81s)
[RKAN_L168] ep  15/18 grid=50 train_rmse=0.0993 val_RMSE=0.1100 val_MAE=0.0375 val_CORR=0.5894 NSEmed=0.263 (81s)
[RKAN_L168] ep  16/18 grid=100 train_rmse=0.0995 val_RMSE=0.1123 val_MAE=0.0420 val_CORR=0.5716 NSEmed=0.204 (1220s)
[RKAN_L168] ep  17/18 grid=100 train_rmse=0.0991 val_RMSE=0.1128 val_MAE=0.0412 val_CORR=0.5680 NSEmed=0.212 (1226s)
[RKAN_L168] ep  18/18 grid=100 train_rmse=0.0988 val_RMSE=0.1127 val_MAE=0.0419 val_CORR=0.5683 NSEmed=0.201 (1227s)
==> RKAN_L168: val RMSE 0.1072 CORR 0.6099 | test RMSE 0.1045 (5147s)
[FKAN_L168] ep   1/18 grid=3 train_rmse=0.1308 val_RMSE=0.1402 val_MAE=0.0426 val_CORR=0.3329 NSEmed=0.149 (2s)
[FKAN_L168] ep   2/18 grid=3 train_rmse=0.1267 val_RMSE=0.1381 val_MAE=0.0278 val_CORR=0.3527 NSEmed=0.421 (2s)
[FKAN_L168] ep   3/18 grid=3 train_rmse=0.1265 val_RMSE=0.1382 val_MAE=0.0295 val_CORR=0.3512 NSEmed=0.372 (2s)
[FKAN_L168] ep   4/18 grid=5 train_rmse=0.1266 val_RMSE=0.1380 val_MAE=0.0280 val_CORR=0.3530 NSEmed=0.413 (2s)
[FKAN_L168] ep   5/18 grid=5 train_rmse=0.1266 val_RMSE=0.1380 val_MAE=0.0274 val_CORR=0.3529 NSEmed=0.433 (2s)
[FKAN_L168] ep   6/18 grid=5 train_rmse=0.1266 val_RMSE=0.1380 val_MAE=0.0274 val_CORR=0.3530 NSEmed=0.440 (2s)
[FKAN_L168] ep   7/18 grid=10 train_rmse=0.1266 val_RMSE=0.1380 val_MAE=0.0271 val_CORR=0.3532 NSEmed=0.439 (2s)
[FKAN_L168] ep   8/18 grid=10 train_rmse=0.1266 val_RMSE=0.1380 val_MAE=0.0273 val_CORR=0.3531 NSEmed=0.442 (2s)
[FKAN_L168] ep   9/18 grid=10 train_rmse=0.1266 val_RMSE=0.1380 val_MAE=0.0272 val_CORR=0.3532 NSEmed=0.437 (2s)
[FKAN_L168] ep  10/18 grid=20 train_rmse=0.1266 val_RMSE=0.1380 val_MAE=0.0274 val_CORR=0.3530 NSEmed=0.442 (2s)
[FKAN_L168] ep  11/18 grid=20 train_rmse=0.1266 val_RMSE=0.1380 val_MAE=0.0275 val_CORR=0.3534 NSEmed=0.430 (2s)
[FKAN_L168] ep  12/18 grid=20 train_rmse=0.1266 val_RMSE=0.1379 val_MAE=0.0274 val_CORR=0.3538 NSEmed=0.435 (2s)
[FKAN_L168] ep  13/18 grid=50 train_rmse=0.1266 val_RMSE=0.1380 val_MAE=0.0274 val_CORR=0.3529 NSEmed=0.430 (4s)
[FKAN_L168] ep  14/18 grid=50 train_rmse=0.1266 val_RMSE=0.1380 val_MAE=0.0274 val_CORR=0.3530 NSEmed=0.429 (4s)
[FKAN_L168] ep  15/18 grid=50 train_rmse=0.1266 val_RMSE=0.1380 val_MAE=0.0274 val_CORR=0.3532 NSEmed=0.433 (4s)
[FKAN_L168] ep  16/18 grid=100 train_rmse=0.1266 val_RMSE=0.1380 val_MAE=0.0274 val_CORR=0.3533 NSEmed=0.429 (9s)
[FKAN_L168] ep  17/18 grid=100 train_rmse=0.1266 val_RMSE=0.1380 val_MAE=0.0274 val_CORR=0.3530 NSEmed=0.433 (9s)
[FKAN_L168] ep  18/18 grid=100 train_rmse=0.1266 val_RMSE=0.1380 val_MAE=0.0274 val_CORR=0.3536 NSEmed=0.424 (9s)
==> FKAN_L168: val RMSE 0.1379 CORR 0.3538 | test RMSE 0.1190 (66s)
[RFKAN_L168] ep   1/18 grid=3 train_rmse=0.1211 val_RMSE=0.1245 val_MAE=0.0458 val_CORR=0.4733 NSEmed=0.141 (38s)
[RFKAN_L168] ep   2/18 grid=3 train_rmse=0.1121 val_RMSE=0.1170 val_MAE=0.0364 val_CORR=0.5348 NSEmed=0.264 (38s)
[RFKAN_L168] ep   3/18 grid=3 train_rmse=0.1098 val_RMSE=0.1165 val_MAE=0.0413 val_CORR=0.5388 NSEmed=0.182 (38s)
[RFKAN_L168] ep   4/18 grid=5 train_rmse=0.1083 val_RMSE=0.1142 val_MAE=0.0326 val_CORR=0.5570 NSEmed=0.364 (38s)
[RFKAN_L168] ep   5/18 grid=5 train_rmse=0.1070 val_RMSE=0.1141 val_MAE=0.0397 val_CORR=0.5580 NSEmed=0.198 (37s)
[RFKAN_L168] ep   6/18 grid=5 train_rmse=0.1064 val_RMSE=0.1119 val_MAE=0.0304 val_CORR=0.5745 NSEmed=0.386 (38s)
[RFKAN_L168] ep   7/18 grid=10 train_rmse=0.1055 val_RMSE=0.1077 val_MAE=0.0272 val_CORR=0.6061 NSEmed=0.477 (38s)
[RFKAN_L168] ep   8/18 grid=10 train_rmse=0.1047 val_RMSE=0.1093 val_MAE=0.0344 val_CORR=0.5941 NSEmed=0.274 (36s)
[RFKAN_L168] ep   9/18 grid=10 train_rmse=0.1044 val_RMSE=0.1077 val_MAE=0.0291 val_CORR=0.6057 NSEmed=0.378 (38s)
[RFKAN_L168] ep  10/18 grid=20 train_rmse=0.1038 val_RMSE=0.1093 val_MAE=0.0313 val_CORR=0.5941 NSEmed=0.369 (38s)
[RFKAN_L168] ep  11/18 grid=20 train_rmse=0.1029 val_RMSE=0.1074 val_MAE=0.0294 val_CORR=0.6084 NSEmed=0.423 (39s)
[RFKAN_L168] ep  12/18 grid=20 train_rmse=0.1028 val_RMSE=0.1087 val_MAE=0.0333 val_CORR=0.5987 NSEmed=0.353 (38s)
[RFKAN_L168] ep  13/18 grid=50 train_rmse=0.1024 val_RMSE=0.1094 val_MAE=0.0324 val_CORR=0.5935 NSEmed=0.364 (41s)
[RFKAN_L168] ep  14/18 grid=50 train_rmse=0.1020 val_RMSE=0.1094 val_MAE=0.0328 val_CORR=0.5935 NSEmed=0.341 (41s)
[RFKAN_L168] ep  15/18 grid=50 train_rmse=0.1016 val_RMSE=0.1113 val_MAE=0.0350 val_CORR=0.5795 NSEmed=0.283 (45s)
[RFKAN_L168] ep  16/18 grid=100 train_rmse=0.1015 val_RMSE=0.1120 val_MAE=0.0342 val_CORR=0.5741 NSEmed=0.312 (64s)
[RFKAN_L168] ep  17/18 grid=100 train_rmse=0.1009 val_RMSE=0.1115 val_MAE=0.0330 val_CORR=0.5781 NSEmed=0.358 (58s)
[RFKAN_L168] ep  18/18 grid=100 train_rmse=0.1009 val_RMSE=0.1127 val_MAE=0.0395 val_CORR=0.5685 NSEmed=0.169 (59s)
==> RFKAN_L168: val RMSE 0.1074 CORR 0.6084 | test RMSE 0.1065 (939s)
[KAN_L336] ep   1/18 grid=3 train_rmse=0.1266 val_RMSE=0.1379 val_MAE=0.0245 val_CORR=0.3545 NSEmed=0.525 (3s)
[KAN_L336] ep   2/18 grid=3 train_rmse=0.1265 val_RMSE=0.1379 val_MAE=0.0245 val_CORR=0.3545 NSEmed=0.525 (3s)
[KAN_L336] ep   3/18 grid=3 train_rmse=0.1265 val_RMSE=0.1379 val_MAE=0.0245 val_CORR=0.3545 NSEmed=0.525 (3s)
[KAN_L336] ep   4/18 grid=5 train_rmse=0.1265 val_RMSE=0.1379 val_MAE=0.0247 val_CORR=0.3545 NSEmed=0.509 (4s)
[KAN_L336] ep   5/18 grid=5 train_rmse=0.1264 val_RMSE=0.1379 val_MAE=0.0245 val_CORR=0.3546 NSEmed=0.515 (4s)
[KAN_L336] ep   6/18 grid=5 train_rmse=0.1264 val_RMSE=0.1379 val_MAE=0.0245 val_CORR=0.3546 NSEmed=0.525 (4s)
[KAN_L336] ep   7/18 grid=10 train_rmse=0.1253 val_RMSE=0.1357 val_MAE=0.0255 val_CORR=0.3742 NSEmed=0.505 (6s)
[KAN_L336] ep   8/18 grid=10 train_rmse=0.1232 val_RMSE=0.1348 val_MAE=0.0305 val_CORR=0.3828 NSEmed=0.394 (6s)
[KAN_L336] ep   9/18 grid=10 train_rmse=0.1222 val_RMSE=0.1341 val_MAE=0.0278 val_CORR=0.3892 NSEmed=0.439 (6s)
[KAN_L336] ep  10/18 grid=20 train_rmse=0.1200 val_RMSE=0.1328 val_MAE=0.0293 val_CORR=0.4008 NSEmed=0.416 (10s)
[KAN_L336] ep  11/18 grid=20 train_rmse=0.1180 val_RMSE=0.1317 val_MAE=0.0286 val_CORR=0.4108 NSEmed=0.436 (10s)
[KAN_L336] ep  12/18 grid=20 train_rmse=0.1166 val_RMSE=0.1314 val_MAE=0.0282 val_CORR=0.4134 NSEmed=0.423 (10s)
[KAN_L336] ep  13/18 grid=50 train_rmse=0.1151 val_RMSE=0.1316 val_MAE=0.0290 val_CORR=0.4122 NSEmed=0.419 (22s)
[KAN_L336] ep  14/18 grid=50 train_rmse=0.1138 val_RMSE=0.1313 val_MAE=0.0295 val_CORR=0.4148 NSEmed=0.376 (21s)
[KAN_L336] ep  15/18 grid=50 train_rmse=0.1127 val_RMSE=0.1316 val_MAE=0.0317 val_CORR=0.4120 NSEmed=0.327 (21s)
[W924 20:00:37.849829200 CUDACachingAllocator.cpp:3934] memory allocation failed with OOM on device 0 while trying to allocate 6937378816 bytes (free: 0, total: 17094475776).
Traceback (most recent call last):
  File "/home/rovargas/Maestria/DeepLearning/Labo2/lab/repo/experiments.py", line 195, in <module>
    main()
  File "/home/rovargas/Maestria/DeepLearning/Labo2/lab/repo/experiments.py", line 184, in main
    suite_seqlen(a.lengths)
  File "/home/rovargas/Maestria/DeepLearning/Labo2/lab/repo/experiments.py", line 104, in suite_seqlen
    kan(f"{name}_L{L}", "seqlen", name, L)
  File "/home/rovargas/Maestria/DeepLearning/Labo2/lab/repo/experiments.py", line 98, in kan
    run_neural(arm, suite, name, seq_len, grid_schedule=kw.pop("grid_schedule", config.GRID_SCHEDULE), **kw)
  File "/home/rovargas/Maestria/DeepLearning/Labo2/lab/repo/experiments.py", line 75, in run_neural
    hist = fit(model, arm, OUT, epochs, batch_size, grid_schedule=grid_schedule, stage_epochs=stage_epochs)
           ^^^^^^^^^^^^^^^^^^^^^^^^^^^^^^^^^^^^^^^^^^^^^^^^^^^^^^^^^^^^^^^^^^^^^^^^^^^^^^^^^^^^^^^^^^^^^^^^
  File "/home/rovargas/Maestria/DeepLearning/Labo2/lab/repo/train.py", line 66, in fit
    model.extend_grid(g, sample)
  File "/home/rovargas/Maestria/DeepLearning/Labo2/lab/repo/model.py", line 122, in extend_grid
    self.core.extend_grid(new_grid, x_sample)
  File "/home/rovargas/Maestria/DeepLearning/Labo2/lab/.venv/lib/python3.12/site-packages/torch/utils/_contextlib.py", line 124, in decorate_context
    return func(*args, **kwargs)
           ^^^^^^^^^^^^^^^^^^^^^
  File "/home/rovargas/Maestria/DeepLearning/Labo2/lab/repo/model.py", line 93, in extend_grid
    self.layer1.extend_grid(new_grid, in1)
  File "/home/rovargas/Maestria/DeepLearning/Labo2/lab/.venv/lib/python3.12/site-packages/torch/utils/_contextlib.py", line 124, in decorate_context
    return func(*args, **kwargs)
           ^^^^^^^^^^^^^^^^^^^^^
  File "/home/rovargas/Maestria/DeepLearning/Labo2/lab/repo/kan_layers.py", line 112, in extend_grid
    A = self.b_splines(x).permute(1, 0, 2)                                  # (in, B, g'+k)
        ^^^^^^^^^^^^^^^^^
  File "/home/rovargas/Maestria/DeepLearning/Labo2/lab/repo/kan_layers.py", line 88, in b_splines
    right = (g[:, p + 1:] - x) / (g[:, p + 1:] - g[:, 1:-p]) * bases[..., 1:]
            ~~~~~~~~~~~~~~~~~~~^~~~~~~~~~~~~~~~~~~~~~~~~~~~~
torch.AcceleratorError: CUDA error: out of memory
Search for `cudaErrorMemoryAllocation' in https://docs.nvidia.com/cuda/cuda-runtime-api/group__CUDART__TYPES.html for more information.
The CUDA driver logged these messages, which may provide useful details:
Returning 2 (CUDA_ERROR_OUT_OF_MEMORY) from cuMemFree_v2


[10:32:05] === 1/6 seqlen ===
skip KAN_L72 (ya en resultados)
skip RKAN_L72 (ya en resultados)
skip FKAN_L72 (ya en resultados)
skip RFKAN_L72 (ya en resultados)
skip KAN_L2 (ya en resultados)
skip RKAN_L2 (ya en resultados)
skip FKAN_L2 (ya en resultados)
skip RFKAN_L2 (ya en resultados)
skip KAN_L12 (ya en resultados)
skip RKAN_L12 (ya en resultados)
skip FKAN_L12 (ya en resultados)
skip RFKAN_L12 (ya en resultados)
skip KAN_L24 (ya en resultados)
skip RKAN_L24 (ya en resultados)
skip FKAN_L24 (ya en resultados)
skip RFKAN_L24 (ya en resultados)
skip KAN_L168 (ya en resultados)
skip RKAN_L168 (ya en resultados)
skip FKAN_L168 (ya en resultados)
skip RFKAN_L168 (ya en resultados)
pkl: KAN_L72
pkl: RKAN_L72
pkl: FKAN_L72
pkl: RFKAN_L72
pkl: KAN_L2
pkl: RKAN_L2
pkl: FKAN_L2
pkl: RFKAN_L2
pkl: KAN_L12
pkl: RKAN_L12
pkl: FKAN_L12
pkl: RFKAN_L12
pkl: KAN_L24
pkl: RKAN_L24
pkl: FKAN_L24
pkl: RFKAN_L24
pkl: KAN_L168
pkl: RKAN_L168
pkl: FKAN_L168
pkl: RFKAN_L168
20 brazos -> /home/rovargas/Maestria/DeepLearning/Labo2/lab/repo/outputs/experiments/pkl/ALL.pkl
[10:32:43] === 2/6 grid (L=72) ===
[RFKAN_L72_grid_ext] ep   1/24 grid=3 train_rmse=0.1213 val_RMSE=0.1238 val_MAE=0.0430 val_CORR=0.4792 NSEmed=0.182 (24s)
[RFKAN_L72_grid_ext] ep   2/24 grid=3 train_rmse=0.1122 val_RMSE=0.1161 val_MAE=0.0312 val_CORR=0.5419 NSEmed=0.377 (25s)
[RFKAN_L72_grid_ext] ep   3/24 grid=3 train_rmse=0.1097 val_RMSE=0.1144 val_MAE=0.0344 val_CORR=0.5552 NSEmed=0.347 (25s)
[RFKAN_L72_grid_ext] ep   4/24 grid=5 train_rmse=0.1083 val_RMSE=0.1137 val_MAE=0.0322 val_CORR=0.5609 NSEmed=0.403 (22s)
[RFKAN_L72_grid_ext] ep   5/24 grid=5 train_rmse=0.1071 val_RMSE=0.1114 val_MAE=0.0359 val_CORR=0.5784 NSEmed=0.252 (19s)
[RFKAN_L72_grid_ext] ep   6/24 grid=5 train_rmse=0.1065 val_RMSE=0.1109 val_MAE=0.0292 val_CORR=0.5821 NSEmed=0.401 (18s)
[RFKAN_L72_grid_ext] ep   7/24 grid=10 train_rmse=0.1054 val_RMSE=0.1087 val_MAE=0.0275 val_CORR=0.5990 NSEmed=0.471 (19s)
[RFKAN_L72_grid_ext] ep   8/24 grid=10 train_rmse=0.1048 val_RMSE=0.1084 val_MAE=0.0311 val_CORR=0.6006 NSEmed=0.342 (18s)
[RFKAN_L72_grid_ext] ep   9/24 grid=10 train_rmse=0.1044 val_RMSE=0.1080 val_MAE=0.0312 val_CORR=0.6036 NSEmed=0.353 (20s)
[RFKAN_L72_grid_ext] ep  10/24 grid=20 train_rmse=0.1036 val_RMSE=0.1097 val_MAE=0.0276 val_CORR=0.5911 NSEmed=0.432 (27s)
[RFKAN_L72_grid_ext] ep  11/24 grid=20 train_rmse=0.1030 val_RMSE=0.1073 val_MAE=0.0300 val_CORR=0.6090 NSEmed=0.412 (26s)
[RFKAN_L72_grid_ext] ep  12/24 grid=20 train_rmse=0.1029 val_RMSE=0.1078 val_MAE=0.0312 val_CORR=0.6056 NSEmed=0.394 (19s)
[RFKAN_L72_grid_ext] ep  13/24 grid=50 train_rmse=0.1023 val_RMSE=0.1082 val_MAE=0.0299 val_CORR=0.6024 NSEmed=0.401 (24s)
[RFKAN_L72_grid_ext] ep  14/24 grid=50 train_rmse=0.1017 val_RMSE=0.1091 val_MAE=0.0328 val_CORR=0.5957 NSEmed=0.332 (23s)
[RFKAN_L72_grid_ext] ep  15/24 grid=50 train_rmse=0.1016 val_RMSE=0.1108 val_MAE=0.0351 val_CORR=0.5829 NSEmed=0.286 (23s)
[RFKAN_L72_grid_ext] ep  16/24 grid=100 train_rmse=0.1016 val_RMSE=0.1091 val_MAE=0.0306 val_CORR=0.5960 NSEmed=0.415 (35s)
[RFKAN_L72_grid_ext] ep  17/24 grid=100 train_rmse=0.1008 val_RMSE=0.1094 val_MAE=0.0322 val_CORR=0.5936 NSEmed=0.366 (34s)
[RFKAN_L72_grid_ext] ep  18/24 grid=100 train_rmse=0.1008 val_RMSE=0.1116 val_MAE=0.0367 val_CORR=0.5770 NSEmed=0.238 (35s)
[RFKAN_L72_grid_ext] ep  19/24 grid=200 train_rmse=0.1005 val_RMSE=0.1116 val_MAE=0.0351 val_CORR=0.5769 NSEmed=0.297 (65s)
[RFKAN_L72_grid_ext] ep  20/24 grid=200 train_rmse=0.1001 val_RMSE=0.1111 val_MAE=0.0360 val_CORR=0.5805 NSEmed=0.284 (59s)
[RFKAN_L72_grid_ext] ep  21/24 grid=200 train_rmse=0.1002 val_RMSE=0.1117 val_MAE=0.0355 val_CORR=0.5761 NSEmed=0.251 (68s)
