[23:00:20] === 1/6 seqlen ===
skip KAN_L72 (ya en resultados)
skip RKAN_L72 (ya en resultados)
skip FKAN_L72 (ya en resultados)
skip RFKAN_L72 (ya en resultados)
skip KAN_L2 (ya en resultados)
skip RKAN_L2 (ya en resultados)
skip FKAN_L2 (ya en resultados)
skip RFKAN_L2 (ya en resultados)
skip KAN_L12 (ya en resultados)
skip RKAN_L12 (ya en resultados)
skip FKAN_L12 (ya en resultados)
skip RFKAN_L12 (ya en resultados)
skip KAN_L24 (ya en resultados)
skip RKAN_L24 (ya en resultados)
skip FKAN_L24 (ya en resultados)
skip RFKAN_L24 (ya en resultados)
skip KAN_L168 (ya en resultados)
skip RKAN_L168 (ya en resultados)
skip FKAN_L168 (ya en resultados)
skip RFKAN_L168 (ya en resultados)
pkl: Persistence
pkl: SVR
pkl: ARIMA
pkl: KAN_L72
pkl: RKAN_L72
pkl: FKAN_L72
pkl: RFKAN_L72
pkl: KAN_L2
pkl: RKAN_L2
pkl: FKAN_L2
pkl: RFKAN_L2
pkl: KAN_L12
pkl: RKAN_L12
pkl: FKAN_L12
pkl: RFKAN_L12
pkl: KAN_L24
pkl: RKAN_L24
pkl: FKAN_L24
pkl: RFKAN_L24
pkl: KAN_L168
pkl: RKAN_L168
pkl: FKAN_L168
pkl: RFKAN_L168
pkl: RFKAN_L72_grid_ext
pkl: RFKAN_L72_fixed_g3
pkl: RFKAN_L72_fixed_g100
pkl: RFKAN_L72_nodecay
pkl: ELM
pkl: LSTM
pkl: GRU
pkl: TCN
pkl: RFKAN_L72_seed1
pkl: LSTM_seed1
pkl: RFKAN_L72_seed2
pkl: LSTM_seed2
pkl: RFKAN_L72_seed3
pkl: LSTM_seed3
pkl: KAN_L336
pkl: RKAN_L336
39 brazos -> /home/rovargas/Maestria/DeepLearning/Labo2/lab/repo/outputs/experiments/pkl/ALL.pkl
[23:01:03] === 2/6 grid (L=72) ===
skip RFKAN_L72_grid_ext (ya en resultados)
skip RFKAN_L72_fixed_g3 (ya en resultados)
skip RFKAN_L72_fixed_g100 (ya en resultados)
skip RFKAN_L72_nodecay (ya en resultados)
pkl: Persistence
pkl: SVR
pkl: ARIMA
pkl: KAN_L72
pkl: RKAN_L72
pkl: FKAN_L72
pkl: RFKAN_L72
pkl: KAN_L2
pkl: RKAN_L2
pkl: FKAN_L2
pkl: RFKAN_L2
pkl: KAN_L12
pkl: RKAN_L12
pkl: FKAN_L12
pkl: RFKAN_L12
pkl: KAN_L24
pkl: RKAN_L24
pkl: FKAN_L24
pkl: RFKAN_L24
pkl: KAN_L168
pkl: RKAN_L168
pkl: FKAN_L168
pkl: RFKAN_L168
pkl: RFKAN_L72_grid_ext
pkl: RFKAN_L72_fixed_g3
pkl: RFKAN_L72_fixed_g100
pkl: RFKAN_L72_nodecay
pkl: ELM
pkl: LSTM
pkl: GRU
pkl: TCN
pkl: RFKAN_L72_seed1
pkl: LSTM_seed1
pkl: RFKAN_L72_seed2
pkl: LSTM_seed2
pkl: RFKAN_L72_seed3
pkl: LSTM_seed3
pkl: KAN_L336
pkl: RKAN_L336
39 brazos -> /home/rovargas/Maestria/DeepLearning/Labo2/lab/repo/outputs/experiments/pkl/ALL.pkl
[23:01:35] === 3/6 baselines ===
skip LSTM (ya en resultados)
skip GRU (ya en resultados)
skip TCN (ya en resultados)
pkl: Persistence
pkl: SVR
pkl: ARIMA
pkl: KAN_L72
pkl: RKAN_L72
pkl: FKAN_L72
pkl: RFKAN_L72
pkl: KAN_L2
pkl: RKAN_L2
pkl: FKAN_L2
pkl: RFKAN_L2
pkl: KAN_L12
pkl: RKAN_L12
pkl: FKAN_L12
pkl: RFKAN_L12
pkl: KAN_L24
pkl: RKAN_L24
pkl: FKAN_L24
pkl: RFKAN_L24
pkl: KAN_L168
pkl: RKAN_L168
pkl: FKAN_L168
pkl: RFKAN_L168
pkl: RFKAN_L72_grid_ext
pkl: RFKAN_L72_fixed_g3
pkl: RFKAN_L72_fixed_g100
pkl: RFKAN_L72_nodecay
pkl: ELM
pkl: LSTM
pkl: GRU
pkl: TCN
pkl: RFKAN_L72_seed1
pkl: LSTM_seed1
pkl: RFKAN_L72_seed2
pkl: LSTM_seed2
pkl: RFKAN_L72_seed3
pkl: LSTM_seed3
pkl: KAN_L336
pkl: RKAN_L336
39 brazos -> /home/rovargas/Maestria/DeepLearning/Labo2/lab/repo/outputs/experiments/pkl/ALL.pkl
[23:02:09] === 4/6 seeds ===
skip RFKAN_L72_seed1 (ya en resultados)
skip LSTM_seed1 (ya en resultados)
skip RFKAN_L72_seed2 (ya en resultados)
skip LSTM_seed2 (ya en resultados)
skip RFKAN_L72_seed3 (ya en resultados)
skip LSTM_seed3 (ya en resultados)
pkl: Persistence
pkl: SVR
pkl: ARIMA
pkl: KAN_L72
pkl: RKAN_L72
pkl: FKAN_L72
pkl: RFKAN_L72
pkl: KAN_L2
pkl: RKAN_L2
pkl: FKAN_L2
pkl: RFKAN_L2
pkl: KAN_L12
pkl: RKAN_L12
pkl: FKAN_L12
pkl: RFKAN_L12
pkl: KAN_L24
pkl: RKAN_L24
pkl: FKAN_L24
pkl: RFKAN_L24
pkl: KAN_L168
pkl: RKAN_L168
pkl: FKAN_L168
pkl: RFKAN_L168
pkl: RFKAN_L72_grid_ext
pkl: RFKAN_L72_fixed_g3
pkl: RFKAN_L72_fixed_g100
pkl: RFKAN_L72_nodecay
pkl: ELM
pkl: LSTM
pkl: GRU
pkl: TCN
pkl: RFKAN_L72_seed1
pkl: LSTM_seed1
pkl: RFKAN_L72_seed2
pkl: LSTM_seed2
pkl: RFKAN_L72_seed3
pkl: LSTM_seed3
pkl: KAN_L336
pkl: RKAN_L336
39 brazos -> /home/rovargas/Maestria/DeepLearning/Labo2/lab/repo/outputs/experiments/pkl/ALL.pkl
[23:02:40] === 4b/6 seqlen L=336 ===
skip KAN_L336 (ya en resultados)
skip RKAN_L336 (ya en resultados)
[FKAN_L336] ep   1/18 grid=3 train_rmse=0.1291 val_RMSE=0.1380 val_MAE=0.0273 val_CORR=0.3533 NSEmed=0.433 (2s)
[FKAN_L336] ep   2/18 grid=3 train_rmse=0.1266 val_RMSE=0.1381 val_MAE=0.0278 val_CORR=0.3527 NSEmed=0.422 (2s)
[FKAN_L336] ep   3/18 grid=3 train_rmse=0.1266 val_RMSE=0.1380 val_MAE=0.0278 val_CORR=0.3533 NSEmed=0.408 (2s)
[FKAN_L336] ep   4/18 grid=5 train_rmse=0.1266 val_RMSE=0.1380 val_MAE=0.0272 val_CORR=0.3533 NSEmed=0.433 (2s)
[FKAN_L336] ep   5/18 grid=5 train_rmse=0.1266 val_RMSE=0.1380 val_MAE=0.0275 val_CORR=0.3533 NSEmed=0.432 (2s)
[FKAN_L336] ep   6/18 grid=5 train_rmse=0.1266 val_RMSE=0.1381 val_MAE=0.0274 val_CORR=0.3527 NSEmed=0.439 (2s)
[FKAN_L336] ep   7/18 grid=10 train_rmse=0.1266 val_RMSE=0.1380 val_MAE=0.0272 val_CORR=0.3534 NSEmed=0.438 (2s)
[FKAN_L336] ep   8/18 grid=10 train_rmse=0.1266 val_RMSE=0.1380 val_MAE=0.0271 val_CORR=0.3534 NSEmed=0.427 (2s)
[FKAN_L336] ep   9/18 grid=10 train_rmse=0.1266 val_RMSE=0.1380 val_MAE=0.0271 val_CORR=0.3531 NSEmed=0.431 (2s)
[FKAN_L336] ep  10/18 grid=20 train_rmse=0.1266 val_RMSE=0.1380 val_MAE=0.0272 val_CORR=0.3536 NSEmed=0.435 (3s)
[FKAN_L336] ep  11/18 grid=20 train_rmse=0.1266 val_RMSE=0.1380 val_MAE=0.0273 val_CORR=0.3534 NSEmed=0.440 (3s)
[FKAN_L336] ep  12/18 grid=20 train_rmse=0.1266 val_RMSE=0.1380 val_MAE=0.0274 val_CORR=0.3531 NSEmed=0.435 (3s)
[FKAN_L336] ep  13/18 grid=50 train_rmse=0.1266 val_RMSE=0.1380 val_MAE=0.0271 val_CORR=0.3529 NSEmed=0.442 (8s)
[FKAN_L336] ep  14/18 grid=50 train_rmse=0.1266 val_RMSE=0.1380 val_MAE=0.0270 val_CORR=0.3535 NSEmed=0.439 (9s)
[FKAN_L336] ep  15/18 grid=50 train_rmse=0.1266 val_RMSE=0.1380 val_MAE=0.0272 val_CORR=0.3530 NSEmed=0.438 (9s)
[FKAN_L336] ep  16/18 grid=100 train_rmse=0.1266 val_RMSE=0.1380 val_MAE=0.0272 val_CORR=0.3536 NSEmed=0.442 (18s)
[FKAN_L336] ep  17/18 grid=100 train_rmse=0.1266 val_RMSE=0.1380 val_MAE=0.0272 val_CORR=0.3534 NSEmed=0.441 (18s)
[FKAN_L336] ep  18/18 grid=100 train_rmse=0.1266 val_RMSE=0.1380 val_MAE=0.0272 val_CORR=0.3529 NSEmed=0.435 (18s)
==> FKAN_L336: val RMSE 0.1380 CORR 0.3536 | test RMSE 0.1189 (113s)
[RFKAN_L336] ep   1/18 grid=3 train_rmse=0.1203 val_RMSE=0.1245 val_MAE=0.0430 val_CORR=0.4733 NSEmed=0.192 (70s)
[RFKAN_L336] ep   2/18 grid=3 train_rmse=0.1123 val_RMSE=0.1196 val_MAE=0.0366 val_CORR=0.5146 NSEmed=0.250 (75s)
[RFKAN_L336] ep   3/18 grid=3 train_rmse=0.1098 val_RMSE=0.1151 val_MAE=0.0302 val_CORR=0.5499 NSEmed=0.415 (99s)
[RFKAN_L336] ep   4/18 grid=5 train_rmse=0.1080 val_RMSE=0.1127 val_MAE=0.0291 val_CORR=0.5687 NSEmed=0.437 (95s)
[RFKAN_L336] ep   5/18 grid=5 train_rmse=0.1068 val_RMSE=0.1111 val_MAE=0.0311 val_CORR=0.5807 NSEmed=0.376 (96s)
[RFKAN_L336] ep   6/18 grid=5 train_rmse=0.1060 val_RMSE=0.1123 val_MAE=0.0298 val_CORR=0.5718 NSEmed=0.391 (100s)
[RFKAN_L336] ep   7/18 grid=10 train_rmse=0.1053 val_RMSE=0.1101 val_MAE=0.0285 val_CORR=0.5882 NSEmed=0.428 (103s)
[RFKAN_L336] ep   8/18 grid=10 train_rmse=0.1047 val_RMSE=0.1106 val_MAE=0.0374 val_CORR=0.5844 NSEmed=0.246 (93s)
[RFKAN_L336] ep   9/18 grid=10 train_rmse=0.1041 val_RMSE=0.1086 val_MAE=0.0307 val_CORR=0.5992 NSEmed=0.380 (96s)
[RFKAN_L336] ep  10/18 grid=20 train_rmse=0.1035 val_RMSE=0.1090 val_MAE=0.0320 val_CORR=0.5968 NSEmed=0.354 (104s)
[RFKAN_L336] ep  11/18 grid=20 train_rmse=0.1029 val_RMSE=0.1083 val_MAE=0.0279 val_CORR=0.6014 NSEmed=0.485 (103s)
[RFKAN_L336] ep  12/18 grid=20 train_rmse=0.1026 val_RMSE=0.1104 val_MAE=0.0332 val_CORR=0.5859 NSEmed=0.330 (106s)
[RFKAN_L336] ep  13/18 grid=50 train_rmse=0.1023 val_RMSE=0.1099 val_MAE=0.0328 val_CORR=0.5901 NSEmed=0.345 (105s)
[RFKAN_L336] ep  14/18 grid=50 train_rmse=0.1018 val_RMSE=0.1091 val_MAE=0.0323 val_CORR=0.5960 NSEmed=0.350 (105s)
[RFKAN_L336] ep  15/18 grid=50 train_rmse=0.1016 val_RMSE=0.1129 val_MAE=0.0398 val_CORR=0.5672 NSEmed=0.165 (105s)
[RFKAN_L336] ep  16/18 grid=100 train_rmse=0.1013 val_RMSE=0.1117 val_MAE=0.0348 val_CORR=0.5761 NSEmed=0.293 (132s)
[RFKAN_L336] ep  17/18 grid=100 train_rmse=0.1009 val_RMSE=0.1122 val_MAE=0.0341 val_CORR=0.5726 NSEmed=0.359 (134s)
[RFKAN_L336] ep  18/18 grid=100 train_rmse=0.1007 val_RMSE=0.1129 val_MAE=0.0363 val_CORR=0.5673 NSEmed=0.256 (120s)
==> RFKAN_L336: val RMSE 0.1083 CORR 0.6014 | test RMSE 0.1059 (2066s)
pkl: Persistence
pkl: SVR
pkl: ARIMA
pkl: KAN_L72
pkl: RKAN_L72
pkl: FKAN_L72
pkl: RFKAN_L72
pkl: KAN_L2
pkl: RKAN_L2
pkl: FKAN_L2
pkl: RFKAN_L2
pkl: KAN_L12
pkl: RKAN_L12
pkl: FKAN_L12
pkl: RFKAN_L12
pkl: KAN_L24
pkl: RKAN_L24
pkl: FKAN_L24
pkl: RFKAN_L24
pkl: KAN_L168
pkl: RKAN_L168
pkl: FKAN_L168
pkl: RFKAN_L168
pkl: RFKAN_L72_grid_ext
pkl: RFKAN_L72_fixed_g3
pkl: RFKAN_L72_fixed_g100
pkl: RFKAN_L72_nodecay
pkl: ELM
pkl: LSTM
pkl: GRU
pkl: TCN
pkl: RFKAN_L72_seed1
pkl: LSTM_seed1
pkl: RFKAN_L72_seed2
pkl: LSTM_seed2
pkl: RFKAN_L72_seed3
pkl: LSTM_seed3
pkl: KAN_L336
pkl: RKAN_L336
pkl: FKAN_L336
pkl: RFKAN_L336
41 brazos -> /home/rovargas/Maestria/DeepLearning/Labo2/lab/repo/outputs/experiments/pkl/ALL.pkl
[23:39:43] === 5/6 predict ===
27983 filas -> /home/rovargas/Maestria/DeepLearning/Labo2/lab/repo/outputs/experiments/predictions_test_RFKAN_L72.csv
test: {'RMSE': 0.1051, 'MAE': 0.0273, 'CORR': 0.6053, 'KGE': 0.6804, 'NSE_median': 0.4934, 'NSE_mean': -3.6335}
[23:40:20] === 6/6 analyze ===
-> tabla3_ablacion.md
-> tabla6_comparacion.md
-> tabla_seeds.md
-> tabla_grid.md
-> fig5_seqlen.png
-> fig4_grid.png
-> fig_horizonte.png
-> fig_nse_cuencas.png
-> fig_hidrogramas.png
-> errores_por_regimen.md
-> picos.md
[23:40:22] === PIPELINE COMPLETO ===
[23:55:52] === 1/6 seqlen ===
skip KAN_L72 (ya en resultados)
skip RKAN_L72 (ya en resultados)
skip FKAN_L72 (ya en resultados)
skip RFKAN_L72 (ya en resultados)
skip KAN_L2 (ya en resultados)
skip RKAN_L2 (ya en resultados)
skip FKAN_L2 (ya en resultados)
skip RFKAN_L2 (ya en resultados)
skip KAN_L12 (ya en resultados)
skip RKAN_L12 (ya en resultados)
skip FKAN_L12 (ya en resultados)
skip RFKAN_L12 (ya en resultados)
skip KAN_L24 (ya en resultados)
skip RKAN_L24 (ya en resultados)
skip FKAN_L24 (ya en resultados)
skip RFKAN_L24 (ya en resultados)
skip KAN_L168 (ya en resultados)
skip RKAN_L168 (ya en resultados)
skip FKAN_L168 (ya en resultados)
skip RFKAN_L168 (ya en resultados)
pkl: Persistence
pkl: SVR
pkl: ARIMA
pkl: KAN_L72
pkl: RKAN_L72
pkl: FKAN_L72
pkl: RFKAN_L72
pkl: KAN_L2
pkl: RKAN_L2
pkl: FKAN_L2
pkl: RFKAN_L2
pkl: KAN_L12
pkl: RKAN_L12
pkl: FKAN_L12
pkl: RFKAN_L12
pkl: KAN_L24
pkl: RKAN_L24
pkl: FKAN_L24
pkl: RFKAN_L24
pkl: KAN_L168
pkl: RKAN_L168
pkl: FKAN_L168
pkl: RFKAN_L168
pkl: RFKAN_L72_grid_ext
pkl: RFKAN_L72_fixed_g3
pkl: RFKAN_L72_fixed_g100
pkl: RFKAN_L72_nodecay
pkl: ELM
pkl: LSTM
pkl: GRU
pkl: TCN
pkl: RFKAN_L72_seed1
pkl: LSTM_seed1
pkl: RFKAN_L72_seed2
pkl: LSTM_seed2
pkl: RFKAN_L72_seed3
pkl: LSTM_seed3
pkl: KAN_L336
pkl: RKAN_L336
pkl: FKAN_L336
pkl: RFKAN_L336
41 brazos -> /home/rovargas/Maestria/DeepLearning/Labo2/lab/repo/outputs/experiments/pkl/ALL.pkl
[23:56:25] === 2/6 grid (L=72) ===
skip RFKAN_L72_grid_ext (ya en resultados)
skip RFKAN_L72_fixed_g3 (ya en resultados)
skip RFKAN_L72_fixed_g100 (ya en resultados)
skip RFKAN_L72_nodecay (ya en resultados)
pkl: Persistence
pkl: SVR
pkl: ARIMA
pkl: KAN_L72
pkl: RKAN_L72
pkl: FKAN_L72
pkl: RFKAN_L72
pkl: KAN_L2
pkl: RKAN_L2
pkl: FKAN_L2
pkl: RFKAN_L2
pkl: KAN_L12
pkl: RKAN_L12
pkl: FKAN_L12
pkl: RFKAN_L12
pkl: KAN_L24
pkl: RKAN_L24
pkl: FKAN_L24
pkl: RFKAN_L24
pkl: KAN_L168
pkl: RKAN_L168
pkl: FKAN_L168
pkl: RFKAN_L168
pkl: RFKAN_L72_grid_ext
pkl: RFKAN_L72_fixed_g3
pkl: RFKAN_L72_fixed_g100
pkl: RFKAN_L72_nodecay
pkl: ELM
pkl: LSTM
pkl: GRU
pkl: TCN
pkl: RFKAN_L72_seed1
pkl: LSTM_seed1
pkl: RFKAN_L72_seed2
pkl: LSTM_seed2
pkl: RFKAN_L72_seed3
pkl: LSTM_seed3
pkl: KAN_L336
pkl: RKAN_L336
pkl: FKAN_L336
pkl: RFKAN_L336
41 brazos -> /home/rovargas/Maestria/DeepLearning/Labo2/lab/repo/outputs/experiments/pkl/ALL.pkl
[23:56:57] === 3/6 baselines ===
skip LSTM (ya en resultados)
skip GRU (ya en resultados)
skip TCN (ya en resultados)
pkl: Persistence
pkl: SVR
pkl: ARIMA
pkl: KAN_L72
pkl: RKAN_L72
pkl: FKAN_L72
pkl: RFKAN_L72
pkl: KAN_L2
pkl: RKAN_L2
pkl: FKAN_L2
pkl: RFKAN_L2
pkl: KAN_L12
pkl: RKAN_L12
pkl: FKAN_L12
pkl: RFKAN_L12
pkl: KAN_L24
pkl: RKAN_L24
pkl: FKAN_L24
pkl: RFKAN_L24
pkl: KAN_L168
pkl: RKAN_L168
pkl: FKAN_L168
pkl: RFKAN_L168
pkl: RFKAN_L72_grid_ext
pkl: RFKAN_L72_fixed_g3
pkl: RFKAN_L72_fixed_g100
pkl: RFKAN_L72_nodecay
pkl: ELM
pkl: LSTM
pkl: GRU
pkl: TCN
pkl: RFKAN_L72_seed1
pkl: LSTM_seed1
pkl: RFKAN_L72_seed2
pkl: LSTM_seed2
pkl: RFKAN_L72_seed3
pkl: LSTM_seed3
pkl: KAN_L336
pkl: RKAN_L336
pkl: FKAN_L336
pkl: RFKAN_L336
41 brazos -> /home/rovargas/Maestria/DeepLearning/Labo2/lab/repo/outputs/experiments/pkl/ALL.pkl
[23:57:32] === 4/6 seeds ===
skip RFKAN_L72_seed1 (ya en resultados)
skip LSTM_seed1 (ya en resultados)
skip RFKAN_L72_seed2 (ya en resultados)
skip LSTM_seed2 (ya en resultados)
skip RFKAN_L72_seed3 (ya en resultados)
skip LSTM_seed3 (ya en resultados)
pkl: Persistence
pkl: SVR
pkl: ARIMA
pkl: KAN_L72
pkl: RKAN_L72
pkl: FKAN_L72
pkl: RFKAN_L72
pkl: KAN_L2
pkl: RKAN_L2
pkl: FKAN_L2
pkl: RFKAN_L2
pkl: KAN_L12
pkl: RKAN_L12
pkl: FKAN_L12
pkl: RFKAN_L12
pkl: KAN_L24
pkl: RKAN_L24
pkl: FKAN_L24
pkl: RFKAN_L24
pkl: KAN_L168
pkl: RKAN_L168
pkl: FKAN_L168
pkl: RFKAN_L168
pkl: RFKAN_L72_grid_ext
pkl: RFKAN_L72_fixed_g3
pkl: RFKAN_L72_fixed_g100
pkl: RFKAN_L72_nodecay
pkl: ELM
pkl: LSTM
pkl: GRU
pkl: TCN
pkl: RFKAN_L72_seed1
pkl: LSTM_seed1
pkl: RFKAN_L72_seed2
pkl: LSTM_seed2
pkl: RFKAN_L72_seed3
pkl: LSTM_seed3
pkl: KAN_L336
pkl: RKAN_L336
pkl: FKAN_L336
pkl: RFKAN_L336
41 brazos -> /home/rovargas/Maestria/DeepLearning/Labo2/lab/repo/outputs/experiments/pkl/ALL.pkl
[23:58:05] === 4b/6 seqlen L=336 ===
skip KAN_L336 (ya en resultados)
skip RKAN_L336 (ya en resultados)
skip FKAN_L336 (ya en resultados)
skip RFKAN_L336 (ya en resultados)
pkl: Persistence
pkl: SVR
pkl: ARIMA
pkl: KAN_L72
pkl: RKAN_L72
pkl: FKAN_L72
pkl: RFKAN_L72
pkl: KAN_L2
pkl: RKAN_L2
pkl: FKAN_L2
pkl: RFKAN_L2
pkl: KAN_L12
pkl: RKAN_L12
pkl: FKAN_L12
pkl: RFKAN_L12
pkl: KAN_L24
pkl: RKAN_L24
pkl: FKAN_L24
pkl: RFKAN_L24
pkl: KAN_L168
pkl: RKAN_L168
pkl: FKAN_L168
pkl: RFKAN_L168
pkl: RFKAN_L72_grid_ext
pkl: RFKAN_L72_fixed_g3
pkl: RFKAN_L72_fixed_g100
pkl: RFKAN_L72_nodecay
pkl: ELM
pkl: LSTM
pkl: GRU
pkl: TCN
pkl: RFKAN_L72_seed1
pkl: LSTM_seed1
pkl: RFKAN_L72_seed2
pkl: LSTM_seed2
pkl: RFKAN_L72_seed3
pkl: LSTM_seed3
pkl: KAN_L336
pkl: RKAN_L336
pkl: FKAN_L336
pkl: RFKAN_L336
41 brazos -> /home/rovargas/Maestria/DeepLearning/Labo2/lab/repo/outputs/experiments/pkl/ALL.pkl
[23:58:38] === 4c/6 advanced (Informer) ===
[Informer] ep   1/18 grid=None train_rmse=0.1262 val_RMSE=0.1322 val_MAE=0.0319 val_CORR=0.4060 NSEmed=0.386 (108s)
[Informer] ep   2/18 grid=None train_rmse=0.1214 val_RMSE=0.1287 val_MAE=0.0253 val_CORR=0.4373 NSEmed=0.491 (109s)
[Informer] ep   3/18 grid=None train_rmse=0.1178 val_RMSE=0.1249 val_MAE=0.0237 val_CORR=0.4701 NSEmed=0.504 (116s)
[Informer] ep   4/18 grid=None train_rmse=0.1150 val_RMSE=0.1213 val_MAE=0.0250 val_CORR=0.5002 NSEmed=0.518 (116s)
[Informer] ep   5/18 grid=None train_rmse=0.1134 val_RMSE=0.1200 val_MAE=0.0227 val_CORR=0.5110 NSEmed=0.562 (114s)
[Informer] ep   6/18 grid=None train_rmse=0.1122 val_RMSE=0.1223 val_MAE=0.0336 val_CORR=0.4920 NSEmed=0.368 (116s)
[Informer] ep   7/18 grid=None train_rmse=0.1111 val_RMSE=0.1213 val_MAE=0.0267 val_CORR=0.5003 NSEmed=0.499 (116s)
[Informer] ep   8/18 grid=None train_rmse=0.1105 val_RMSE=0.1173 val_MAE=0.0234 val_CORR=0.5325 NSEmed=0.574 (113s)
[Informer] ep   9/18 grid=None train_rmse=0.1098 val_RMSE=0.1164 val_MAE=0.0276 val_CORR=0.5400 NSEmed=0.461 (113s)
[Informer] ep  10/18 grid=None train_rmse=0.1094 val_RMSE=0.1178 val_MAE=0.0377 val_CORR=0.5288 NSEmed=0.283 (114s)
[Informer] ep  11/18 grid=None train_rmse=0.1089 val_RMSE=0.1138 val_MAE=0.0246 val_CORR=0.5601 NSEmed=0.544 (120s)
[Informer] ep  12/18 grid=None train_rmse=0.1092 val_RMSE=0.1179 val_MAE=0.0269 val_CORR=0.5279 NSEmed=0.476 (114s)
[Informer] ep  13/18 grid=None train_rmse=0.1086 val_RMSE=0.1147 val_MAE=0.0264 val_CORR=0.5529 NSEmed=0.476 (116s)
[Informer] ep  14/18 grid=None train_rmse=0.1078 val_RMSE=0.1117 val_MAE=0.0253 val_CORR=0.5766 NSEmed=0.522 (115s)
[Informer] ep  15/18 grid=None train_rmse=0.1076 val_RMSE=0.1122 val_MAE=0.0244 val_CORR=0.5725 NSEmed=0.541 (121s)
[Informer] ep  16/18 grid=None train_rmse=0.1067 val_RMSE=0.1111 val_MAE=0.0322 val_CORR=0.5809 NSEmed=0.423 (122s)
[Informer] ep  17/18 grid=None train_rmse=0.1062 val_RMSE=0.1099 val_MAE=0.0272 val_CORR=0.5896 NSEmed=0.521 (115s)
[Informer] ep  18/18 grid=None train_rmse=0.1056 val_RMSE=0.1104 val_MAE=0.0294 val_CORR=0.5860 NSEmed=0.455 (121s)
==> Informer: val RMSE 0.1099 CORR 0.5899 | test RMSE 0.1032 (2137s)
pkl: Persistence
pkl: SVR
pkl: ARIMA
pkl: KAN_L72
pkl: RKAN_L72
pkl: FKAN_L72
pkl: RFKAN_L72
pkl: KAN_L2
pkl: RKAN_L2
pkl: FKAN_L2
pkl: RFKAN_L2
pkl: KAN_L12
pkl: RKAN_L12
pkl: FKAN_L12
pkl: RFKAN_L12
pkl: KAN_L24
pkl: RKAN_L24
pkl: FKAN_L24
pkl: RFKAN_L24
pkl: KAN_L168
pkl: RKAN_L168
pkl: FKAN_L168
pkl: RFKAN_L168
pkl: RFKAN_L72_grid_ext
pkl: RFKAN_L72_fixed_g3
pkl: RFKAN_L72_fixed_g100
pkl: RFKAN_L72_nodecay
pkl: ELM
pkl: LSTM
pkl: GRU
pkl: TCN
pkl: RFKAN_L72_seed1
pkl: LSTM_seed1
pkl: RFKAN_L72_seed2
pkl: LSTM_seed2
pkl: RFKAN_L72_seed3
pkl: LSTM_seed3
pkl: KAN_L336
pkl: RKAN_L336
pkl: FKAN_L336
pkl: RFKAN_L336
pkl: Informer
42 brazos -> /home/rovargas/Maestria/DeepLearning/Labo2/lab/repo/outputs/experiments/pkl/ALL.pkl
[00:34:59] === 4d/6 seqlen_base ===
[LSTM_L2] ep   1/18 grid=None train_rmse=0.1137 val_RMSE=0.1092 val_MAE=0.0285 val_CORR=0.5953 NSEmed=0.466 (22s)
[LSTM_L2] ep   2/18 grid=None train_rmse=0.1066 val_RMSE=0.1109 val_MAE=0.0268 val_CORR=0.5822 NSEmed=0.448 (19s)
[LSTM_L2] ep   3/18 grid=None train_rmse=0.1060 val_RMSE=0.1110 val_MAE=0.0220 val_CORR=0.5814 NSEmed=0.564 (18s)
[LSTM_L2] ep   4/18 grid=None train_rmse=0.1052 val_RMSE=0.1080 val_MAE=0.0247 val_CORR=0.6041 NSEmed=0.515 (17s)
[LSTM_L2] ep   5/18 grid=None train_rmse=0.1050 val_RMSE=0.1083 val_MAE=0.0216 val_CORR=0.6020 NSEmed=0.584 (18s)
[LSTM_L2] ep   6/18 grid=None train_rmse=0.1044 val_RMSE=0.1069 val_MAE=0.0242 val_CORR=0.6117 NSEmed=0.536 (19s)
[LSTM_L2] ep   7/18 grid=None train_rmse=0.1038 val_RMSE=0.1074 val_MAE=0.0226 val_CORR=0.6086 NSEmed=0.589 (20s)
[LSTM_L2] ep   8/18 grid=None train_rmse=0.1036 val_RMSE=0.1062 val_MAE=0.0213 val_CORR=0.6170 NSEmed=0.582 (19s)
[LSTM_L2] ep   9/18 grid=None train_rmse=0.1029 val_RMSE=0.1077 val_MAE=0.0217 val_CORR=0.6062 NSEmed=0.588 (17s)
[LSTM_L2] ep  10/18 grid=None train_rmse=0.1029 val_RMSE=0.1079 val_MAE=0.0248 val_CORR=0.6048 NSEmed=0.522 (15s)
[LSTM_L2] ep  11/18 grid=None train_rmse=0.1027 val_RMSE=0.1102 val_MAE=0.0227 val_CORR=0.5872 NSEmed=0.585 (18s)
[LSTM_L2] ep  12/18 grid=None train_rmse=0.1025 val_RMSE=0.1073 val_MAE=0.0214 val_CORR=0.6088 NSEmed=0.596 (18s)
[LSTM_L2] ep  13/18 grid=None train_rmse=0.1024 val_RMSE=0.1099 val_MAE=0.0241 val_CORR=0.5901 NSEmed=0.535 (19s)
[LSTM_L2] ep  14/18 grid=None train_rmse=0.1014 val_RMSE=0.1123 val_MAE=0.0239 val_CORR=0.5716 NSEmed=0.544 (18s)
[LSTM_L2] ep  15/18 grid=None train_rmse=0.1018 val_RMSE=0.1072 val_MAE=0.0224 val_CORR=0.6100 NSEmed=0.601 (15s)
[LSTM_L2] ep  16/18 grid=None train_rmse=0.1009 val_RMSE=0.1090 val_MAE=0.0263 val_CORR=0.5962 NSEmed=0.485 (18s)
[LSTM_L2] ep  17/18 grid=None train_rmse=0.1008 val_RMSE=0.1070 val_MAE=0.0257 val_CORR=0.6112 NSEmed=0.501 (18s)
[LSTM_L2] ep  18/18 grid=None train_rmse=0.1005 val_RMSE=0.1074 val_MAE=0.0274 val_CORR=0.6079 NSEmed=0.477 (19s)
==> LSTM_L2: val RMSE 0.1062 CORR 0.6170 | test RMSE 0.1051 (331s)
[GRU_L2] ep   1/18 grid=None train_rmse=0.1129 val_RMSE=0.1092 val_MAE=0.0269 val_CORR=0.5954 NSEmed=0.492 (17s)
[GRU_L2] ep   2/18 grid=None train_rmse=0.1060 val_RMSE=0.1125 val_MAE=0.0246 val_CORR=0.5704 NSEmed=0.509 (19s)
[GRU_L2] ep   3/18 grid=None train_rmse=0.1052 val_RMSE=0.1111 val_MAE=0.0223 val_CORR=0.5811 NSEmed=0.567 (16s)
[GRU_L2] ep   4/18 grid=None train_rmse=0.1041 val_RMSE=0.1075 val_MAE=0.0259 val_CORR=0.6074 NSEmed=0.489 (17s)
[GRU_L2] ep   5/18 grid=None train_rmse=0.1038 val_RMSE=0.1082 val_MAE=0.0209 val_CORR=0.6024 NSEmed=0.595 (19s)
[GRU_L2] ep   6/18 grid=None train_rmse=0.1029 val_RMSE=0.1072 val_MAE=0.0248 val_CORR=0.6095 NSEmed=0.527 (18s)
[GRU_L2] ep   7/18 grid=None train_rmse=0.1027 val_RMSE=0.1070 val_MAE=0.0225 val_CORR=0.6112 NSEmed=0.579 (18s)
[GRU_L2] ep   8/18 grid=None train_rmse=0.1023 val_RMSE=0.1058 val_MAE=0.0220 val_CORR=0.6198 NSEmed=0.582 (18s)
[GRU_L2] ep   9/18 grid=None train_rmse=0.1014 val_RMSE=0.1086 val_MAE=0.0221 val_CORR=0.5994 NSEmed=0.563 (19s)
[GRU_L2] ep  10/18 grid=None train_rmse=0.1014 val_RMSE=0.1075 val_MAE=0.0259 val_CORR=0.6074 NSEmed=0.505 (20s)
[GRU_L2] ep  11/18 grid=None train_rmse=0.1010 val_RMSE=0.1067 val_MAE=0.0231 val_CORR=0.6136 NSEmed=0.585 (19s)
[GRU_L2] ep  12/18 grid=None train_rmse=0.1007 val_RMSE=0.1069 val_MAE=0.0219 val_CORR=0.6119 NSEmed=0.590 (15s)
[GRU_L2] ep  13/18 grid=None train_rmse=0.1005 val_RMSE=0.1083 val_MAE=0.0244 val_CORR=0.6015 NSEmed=0.534 (16s)
[GRU_L2] ep  14/18 grid=None train_rmse=0.1005 val_RMSE=0.1088 val_MAE=0.0254 val_CORR=0.5982 NSEmed=0.520 (18s)
[GRU_L2] ep  15/18 grid=None train_rmse=0.1001 val_RMSE=0.1055 val_MAE=0.0225 val_CORR=0.6221 NSEmed=0.587 (14s)
[GRU_L2] ep  16/18 grid=None train_rmse=0.0998 val_RMSE=0.1062 val_MAE=0.0265 val_CORR=0.6167 NSEmed=0.469 (14s)
[GRU_L2] ep  17/18 grid=None train_rmse=0.0998 val_RMSE=0.1063 val_MAE=0.0243 val_CORR=0.6159 NSEmed=0.548 (14s)
[GRU_L2] ep  18/18 grid=None train_rmse=0.0994 val_RMSE=0.1068 val_MAE=0.0258 val_CORR=0.6125 NSEmed=0.500 (14s)
==> GRU_L2: val RMSE 0.1055 CORR 0.6221 | test RMSE 0.1059 (308s)
[TCN_L2] ep   1/18 grid=None train_rmse=0.1135 val_RMSE=0.1119 val_MAE=0.0276 val_CORR=0.5750 NSEmed=0.473 (12s)
[TCN_L2] ep   2/18 grid=None train_rmse=0.1051 val_RMSE=0.1103 val_MAE=0.0235 val_CORR=0.5870 NSEmed=0.550 (12s)
[TCN_L2] ep   3/18 grid=None train_rmse=0.1045 val_RMSE=0.1118 val_MAE=0.0211 val_CORR=0.5752 NSEmed=0.600 (12s)
[TCN_L2] ep   4/18 grid=None train_rmse=0.1039 val_RMSE=0.1076 val_MAE=0.0249 val_CORR=0.6070 NSEmed=0.534 (12s)
[TCN_L2] ep   5/18 grid=None train_rmse=0.1039 val_RMSE=0.1071 val_MAE=0.0215 val_CORR=0.6104 NSEmed=0.588 (12s)
[TCN_L2] ep   6/18 grid=None train_rmse=0.1034 val_RMSE=0.1063 val_MAE=0.0243 val_CORR=0.6161 NSEmed=0.548 (12s)
[TCN_L2] ep   7/18 grid=None train_rmse=0.1031 val_RMSE=0.1072 val_MAE=0.0226 val_CORR=0.6100 NSEmed=0.570 (12s)
[TCN_L2] ep   8/18 grid=None train_rmse=0.1028 val_RMSE=0.1065 val_MAE=0.0221 val_CORR=0.6146 NSEmed=0.590 (12s)
[TCN_L2] ep   9/18 grid=None train_rmse=0.1026 val_RMSE=0.1070 val_MAE=0.0222 val_CORR=0.6109 NSEmed=0.584 (12s)
[TCN_L2] ep  10/18 grid=None train_rmse=0.1027 val_RMSE=0.1061 val_MAE=0.0260 val_CORR=0.6173 NSEmed=0.512 (12s)
[TCN_L2] ep  11/18 grid=None train_rmse=0.1023 val_RMSE=0.1062 val_MAE=0.0231 val_CORR=0.6172 NSEmed=0.590 (12s)
[TCN_L2] ep  12/18 grid=None train_rmse=0.1020 val_RMSE=0.1068 val_MAE=0.0228 val_CORR=0.6127 NSEmed=0.591 (12s)
[TCN_L2] ep  13/18 grid=None train_rmse=0.1021 val_RMSE=0.1073 val_MAE=0.0227 val_CORR=0.6091 NSEmed=0.585 (12s)
[TCN_L2] ep  14/18 grid=None train_rmse=0.1016 val_RMSE=0.1112 val_MAE=0.0253 val_CORR=0.5799 NSEmed=0.498 (12s)
[TCN_L2] ep  15/18 grid=None train_rmse=0.1019 val_RMSE=0.1051 val_MAE=0.0228 val_CORR=0.6249 NSEmed=0.594 (12s)
[TCN_L2] ep  16/18 grid=None train_rmse=0.1015 val_RMSE=0.1061 val_MAE=0.0288 val_CORR=0.6176 NSEmed=0.447 (12s)
[TCN_L2] ep  17/18 grid=None train_rmse=0.1017 val_RMSE=0.1054 val_MAE=0.0253 val_CORR=0.6228 NSEmed=0.517 (12s)
[TCN_L2] ep  18/18 grid=None train_rmse=0.1012 val_RMSE=0.1071 val_MAE=0.0278 val_CORR=0.6106 NSEmed=0.491 (12s)
==> TCN_L2: val RMSE 0.1051 CORR 0.6249 | test RMSE 0.1060 (217s)
[LSTM_L12] ep   1/18 grid=None train_rmse=0.1177 val_RMSE=0.1124 val_MAE=0.0379 val_CORR=0.5707 NSEmed=0.259 (15s)
[LSTM_L12] ep   2/18 grid=None train_rmse=0.1062 val_RMSE=0.1147 val_MAE=0.0223 val_CORR=0.5535 NSEmed=0.558 (15s)
[LSTM_L12] ep   3/18 grid=None train_rmse=0.1040 val_RMSE=0.1119 val_MAE=0.0248 val_CORR=0.5751 NSEmed=0.507 (15s)
[LSTM_L12] ep   4/18 grid=None train_rmse=0.1027 val_RMSE=0.1058 val_MAE=0.0279 val_CORR=0.6197 NSEmed=0.463 (15s)
[LSTM_L12] ep   5/18 grid=None train_rmse=0.1017 val_RMSE=0.1081 val_MAE=0.0209 val_CORR=0.6029 NSEmed=0.597 (15s)
[LSTM_L12] ep   6/18 grid=None train_rmse=0.1009 val_RMSE=0.1064 val_MAE=0.0262 val_CORR=0.6157 NSEmed=0.517 (15s)
[LSTM_L12] ep   7/18 grid=None train_rmse=0.1003 val_RMSE=0.1086 val_MAE=0.0230 val_CORR=0.5996 NSEmed=0.579 (15s)
[LSTM_L12] ep   8/18 grid=None train_rmse=0.0999 val_RMSE=0.1052 val_MAE=0.0209 val_CORR=0.6240 NSEmed=0.598 (15s)
[LSTM_L12] ep   9/18 grid=None train_rmse=0.0995 val_RMSE=0.1071 val_MAE=0.0231 val_CORR=0.6103 NSEmed=0.568 (15s)
[LSTM_L12] ep  10/18 grid=None train_rmse=0.0995 val_RMSE=0.1059 val_MAE=0.0285 val_CORR=0.6190 NSEmed=0.452 (15s)
[LSTM_L12] ep  11/18 grid=None train_rmse=0.0988 val_RMSE=0.1066 val_MAE=0.0229 val_CORR=0.6138 NSEmed=0.592 (15s)
[LSTM_L12] ep  12/18 grid=None train_rmse=0.0986 val_RMSE=0.1057 val_MAE=0.0236 val_CORR=0.6204 NSEmed=0.578 (15s)
[LSTM_L12] ep  13/18 grid=None train_rmse=0.0986 val_RMSE=0.1052 val_MAE=0.0236 val_CORR=0.6244 NSEmed=0.547 (15s)
[LSTM_L12] ep  14/18 grid=None train_rmse=0.0984 val_RMSE=0.1044 val_MAE=0.0228 val_CORR=0.6300 NSEmed=0.589 (15s)
[LSTM_L12] ep  15/18 grid=None train_rmse=0.0984 val_RMSE=0.1049 val_MAE=0.0241 val_CORR=0.6261 NSEmed=0.553 (15s)
[LSTM_L12] ep  16/18 grid=None train_rmse=0.0980 val_RMSE=0.1038 val_MAE=0.0247 val_CORR=0.6341 NSEmed=0.531 (15s)
[LSTM_L12] ep  17/18 grid=None train_rmse=0.0976 val_RMSE=0.1034 val_MAE=0.0246 val_CORR=0.6370 NSEmed=0.537 (15s)
[LSTM_L12] ep  18/18 grid=None train_rmse=0.0973 val_RMSE=0.1052 val_MAE=0.0292 val_CORR=0.6238 NSEmed=0.422 (15s)
==> LSTM_L12: val RMSE 0.1034 CORR 0.6370 | test RMSE 0.1031 (266s)
[GRU_L12] ep   1/18 grid=None train_rmse=0.1122 val_RMSE=0.1130 val_MAE=0.0317 val_CORR=0.5667 NSEmed=0.415 (14s)
[GRU_L12] ep   2/18 grid=None train_rmse=0.1046 val_RMSE=0.1064 val_MAE=0.0242 val_CORR=0.6152 NSEmed=0.516 (14s)
[GRU_L12] ep   3/18 grid=None train_rmse=0.1036 val_RMSE=0.1073 val_MAE=0.0232 val_CORR=0.6090 NSEmed=0.533 (14s)
[GRU_L12] ep   4/18 grid=None train_rmse=0.1020 val_RMSE=0.1068 val_MAE=0.0277 val_CORR=0.6130 NSEmed=0.445 (14s)
[GRU_L12] ep   5/18 grid=None train_rmse=0.1018 val_RMSE=0.1052 val_MAE=0.0225 val_CORR=0.6242 NSEmed=0.570 (14s)
[GRU_L12] ep   6/18 grid=None train_rmse=0.1012 val_RMSE=0.1063 val_MAE=0.0266 val_CORR=0.6160 NSEmed=0.460 (14s)
[GRU_L12] ep   7/18 grid=None train_rmse=0.1005 val_RMSE=0.1075 val_MAE=0.0228 val_CORR=0.6075 NSEmed=0.570 (14s)
[GRU_L12] ep   8/18 grid=None train_rmse=0.0999 val_RMSE=0.1055 val_MAE=0.0232 val_CORR=0.6222 NSEmed=0.563 (14s)
[GRU_L12] ep   9/18 grid=None train_rmse=0.0991 val_RMSE=0.1062 val_MAE=0.0226 val_CORR=0.6172 NSEmed=0.590 (14s)
[GRU_L12] ep  10/18 grid=None train_rmse=0.0986 val_RMSE=0.1063 val_MAE=0.0267 val_CORR=0.6166 NSEmed=0.490 (14s)
[GRU_L12] ep  11/18 grid=None train_rmse=0.0981 val_RMSE=0.1052 val_MAE=0.0244 val_CORR=0.6241 NSEmed=0.560 (14s)
[GRU_L12] ep  12/18 grid=None train_rmse=0.0982 val_RMSE=0.1044 val_MAE=0.0226 val_CORR=0.6297 NSEmed=0.575 (14s)
[GRU_L12] ep  13/18 grid=None train_rmse=0.0982 val_RMSE=0.1063 val_MAE=0.0257 val_CORR=0.6159 NSEmed=0.491 (14s)
[GRU_L12] ep  14/18 grid=None train_rmse=0.0973 val_RMSE=0.1064 val_MAE=0.0277 val_CORR=0.6153 NSEmed=0.459 (14s)
[GRU_L12] ep  15/18 grid=None train_rmse=0.0972 val_RMSE=0.1048 val_MAE=0.0245 val_CORR=0.6269 NSEmed=0.568 (14s)
[GRU_L12] ep  16/18 grid=None train_rmse=0.0970 val_RMSE=0.1070 val_MAE=0.0307 val_CORR=0.6115 NSEmed=0.399 (14s)
[GRU_L12] ep  17/18 grid=None train_rmse=0.0969 val_RMSE=0.1046 val_MAE=0.0271 val_CORR=0.6281 NSEmed=0.482 (14s)
[GRU_L12] ep  18/18 grid=None train_rmse=0.0962 val_RMSE=0.1062 val_MAE=0.0311 val_CORR=0.6169 NSEmed=0.369 (14s)
==> GRU_L12: val RMSE 0.1044 CORR 0.6297 | test RMSE 0.1027 (258s)
[TCN_L12] ep   1/18 grid=None train_rmse=0.1124 val_RMSE=0.1115 val_MAE=0.0335 val_CORR=0.5777 NSEmed=0.363 (12s)
[TCN_L12] ep   2/18 grid=None train_rmse=0.1058 val_RMSE=0.1141 val_MAE=0.0307 val_CORR=0.5577 NSEmed=0.347 (12s)
[TCN_L12] ep   3/18 grid=None train_rmse=0.1043 val_RMSE=0.1074 val_MAE=0.0253 val_CORR=0.6080 NSEmed=0.494 (12s)
[TCN_L12] ep   4/18 grid=None train_rmse=0.1031 val_RMSE=0.1064 val_MAE=0.0283 val_CORR=0.6157 NSEmed=0.467 (12s)
[TCN_L12] ep   5/18 grid=None train_rmse=0.1026 val_RMSE=0.1072 val_MAE=0.0282 val_CORR=0.6095 NSEmed=0.480 (12s)
[TCN_L12] ep   6/18 grid=None train_rmse=0.1018 val_RMSE=0.1079 val_MAE=0.0262 val_CORR=0.6046 NSEmed=0.507 (12s)
[TCN_L12] ep   7/18 grid=None train_rmse=0.1014 val_RMSE=0.1089 val_MAE=0.0263 val_CORR=0.5976 NSEmed=0.489 (12s)
[TCN_L12] ep   8/18 grid=None train_rmse=0.1012 val_RMSE=0.1087 val_MAE=0.0323 val_CORR=0.5989 NSEmed=0.365 (12s)
[TCN_L12] ep   9/18 grid=None train_rmse=0.1011 val_RMSE=0.1064 val_MAE=0.0266 val_CORR=0.6155 NSEmed=0.495 (13s)
[TCN_L12] ep  10/18 grid=None train_rmse=0.1008 val_RMSE=0.1081 val_MAE=0.0319 val_CORR=0.6033 NSEmed=0.398 (12s)
[TCN_L12] ep  11/18 grid=None train_rmse=0.1006 val_RMSE=0.1084 val_MAE=0.0278 val_CORR=0.6013 NSEmed=0.471 (12s)
[TCN_L12] ep  12/18 grid=None train_rmse=0.1001 val_RMSE=0.1070 val_MAE=0.0262 val_CORR=0.6110 NSEmed=0.513 (13s)
[TCN_L12] ep  13/18 grid=None train_rmse=0.1001 val_RMSE=0.1081 val_MAE=0.0273 val_CORR=0.6032 NSEmed=0.457 (12s)
[TCN_L12] ep  14/18 grid=None train_rmse=0.1000 val_RMSE=0.1095 val_MAE=0.0286 val_CORR=0.5931 NSEmed=0.459 (12s)
[TCN_L12] ep  15/18 grid=None train_rmse=0.0998 val_RMSE=0.1067 val_MAE=0.0246 val_CORR=0.6134 NSEmed=0.548 (12s)
[TCN_L12] ep  16/18 grid=None train_rmse=0.0996 val_RMSE=0.1105 val_MAE=0.0316 val_CORR=0.5855 NSEmed=0.401 (12s)
[TCN_L12] ep  17/18 grid=None train_rmse=0.0995 val_RMSE=0.1070 val_MAE=0.0299 val_CORR=0.6109 NSEmed=0.433 (12s)
[TCN_L12] ep  18/18 grid=None train_rmse=0.0993 val_RMSE=0.1105 val_MAE=0.0328 val_CORR=0.5850 NSEmed=0.333 (12s)
==> TCN_L12: val RMSE 0.1064 CORR 0.6157 | test RMSE 0.1050 (222s)
[LSTM_L24] ep   1/18 grid=None train_rmse=0.1167 val_RMSE=0.1125 val_MAE=0.0323 val_CORR=0.5703 NSEmed=0.365 (15s)
[LSTM_L24] ep   2/18 grid=None train_rmse=0.1055 val_RMSE=0.1085 val_MAE=0.0222 val_CORR=0.6005 NSEmed=0.567 (15s)
[LSTM_L24] ep   3/18 grid=None train_rmse=0.1033 val_RMSE=0.1071 val_MAE=0.0221 val_CORR=0.6101 NSEmed=0.557 (15s)
[LSTM_L24] ep   4/18 grid=None train_rmse=0.1018 val_RMSE=0.1049 val_MAE=0.0258 val_CORR=0.6264 NSEmed=0.504 (15s)
[LSTM_L24] ep   5/18 grid=None train_rmse=0.1013 val_RMSE=0.1035 val_MAE=0.0210 val_CORR=0.6361 NSEmed=0.598 (15s)
[LSTM_L24] ep   6/18 grid=None train_rmse=0.1004 val_RMSE=0.1063 val_MAE=0.0246 val_CORR=0.6164 NSEmed=0.567 (15s)
[LSTM_L24] ep   7/18 grid=None train_rmse=0.0999 val_RMSE=0.1078 val_MAE=0.0250 val_CORR=0.6052 NSEmed=0.541 (15s)
[LSTM_L24] ep   8/18 grid=None train_rmse=0.0995 val_RMSE=0.1042 val_MAE=0.0212 val_CORR=0.6313 NSEmed=0.609 (15s)
[LSTM_L24] ep   9/18 grid=None train_rmse=0.0989 val_RMSE=0.1066 val_MAE=0.0210 val_CORR=0.6141 NSEmed=0.605 (15s)
[LSTM_L24] ep  10/18 grid=None train_rmse=0.0990 val_RMSE=0.1043 val_MAE=0.0261 val_CORR=0.6302 NSEmed=0.504 (15s)
[LSTM_L24] ep  11/18 grid=None train_rmse=0.0986 val_RMSE=0.1031 val_MAE=0.0219 val_CORR=0.6392 NSEmed=0.600 (15s)
[LSTM_L24] ep  12/18 grid=None train_rmse=0.0983 val_RMSE=0.1045 val_MAE=0.0218 val_CORR=0.6288 NSEmed=0.611 (15s)
[LSTM_L24] ep  13/18 grid=None train_rmse=0.0983 val_RMSE=0.1026 val_MAE=0.0238 val_CORR=0.6423 NSEmed=0.551 (15s)
[LSTM_L24] ep  14/18 grid=None train_rmse=0.0977 val_RMSE=0.1027 val_MAE=0.0215 val_CORR=0.6415 NSEmed=0.613 (15s)
[LSTM_L24] ep  15/18 grid=None train_rmse=0.0979 val_RMSE=0.1033 val_MAE=0.0218 val_CORR=0.6373 NSEmed=0.618 (15s)
[LSTM_L24] ep  16/18 grid=None train_rmse=0.0975 val_RMSE=0.1024 val_MAE=0.0248 val_CORR=0.6438 NSEmed=0.509 (15s)
[LSTM_L24] ep  17/18 grid=None train_rmse=0.0972 val_RMSE=0.1016 val_MAE=0.0232 val_CORR=0.6494 NSEmed=0.587 (15s)
[LSTM_L24] ep  18/18 grid=None train_rmse=0.0970 val_RMSE=0.1033 val_MAE=0.0261 val_CORR=0.6379 NSEmed=0.514 (15s)
==> LSTM_L24: val RMSE 0.1016 CORR 0.6494 | test RMSE 0.1020 (270s)
[GRU_L24] ep   1/18 grid=None train_rmse=0.1127 val_RMSE=0.1134 val_MAE=0.0323 val_CORR=0.5629 NSEmed=0.375 (14s)
[GRU_L24] ep   2/18 grid=None train_rmse=0.1040 val_RMSE=0.1076 val_MAE=0.0251 val_CORR=0.6066 NSEmed=0.479 (14s)
[GRU_L24] ep   3/18 grid=None train_rmse=0.1031 val_RMSE=0.1054 val_MAE=0.0222 val_CORR=0.6225 NSEmed=0.556 (14s)
[GRU_L24] ep   4/18 grid=None train_rmse=0.1023 val_RMSE=0.1039 val_MAE=0.0262 val_CORR=0.6332 NSEmed=0.474 (14s)
[GRU_L24] ep   5/18 grid=None train_rmse=0.1013 val_RMSE=0.1041 val_MAE=0.0233 val_CORR=0.6317 NSEmed=0.555 (14s)
[GRU_L24] ep   6/18 grid=None train_rmse=0.1006 val_RMSE=0.1043 val_MAE=0.0269 val_CORR=0.6302 NSEmed=0.491 (14s)
[GRU_L24] ep   7/18 grid=None train_rmse=0.1000 val_RMSE=0.1067 val_MAE=0.0234 val_CORR=0.6133 NSEmed=0.569 (14s)
[GRU_L24] ep   8/18 grid=None train_rmse=0.0998 val_RMSE=0.1044 val_MAE=0.0215 val_CORR=0.6299 NSEmed=0.591 (14s)
[GRU_L24] ep   9/18 grid=None train_rmse=0.0990 val_RMSE=0.1058 val_MAE=0.0222 val_CORR=0.6200 NSEmed=0.599 (14s)
[GRU_L24] ep  10/18 grid=None train_rmse=0.0987 val_RMSE=0.1051 val_MAE=0.0263 val_CORR=0.6247 NSEmed=0.473 (14s)
[GRU_L24] ep  11/18 grid=None train_rmse=0.0982 val_RMSE=0.1028 val_MAE=0.0240 val_CORR=0.6408 NSEmed=0.579 (14s)
[GRU_L24] ep  12/18 grid=None train_rmse=0.0985 val_RMSE=0.1035 val_MAE=0.0227 val_CORR=0.6360 NSEmed=0.587 (14s)
[GRU_L24] ep  13/18 grid=None train_rmse=0.0976 val_RMSE=0.1028 val_MAE=0.0248 val_CORR=0.6412 NSEmed=0.532 (14s)
[GRU_L24] ep  14/18 grid=None train_rmse=0.0968 val_RMSE=0.1026 val_MAE=0.0243 val_CORR=0.6428 NSEmed=0.519 (14s)
[GRU_L24] ep  15/18 grid=None train_rmse=0.0970 val_RMSE=0.1020 val_MAE=0.0218 val_CORR=0.6470 NSEmed=0.595 (14s)
[GRU_L24] ep  16/18 grid=None train_rmse=0.0965 val_RMSE=0.1036 val_MAE=0.0266 val_CORR=0.6352 NSEmed=0.484 (14s)
[GRU_L24] ep  17/18 grid=None train_rmse=0.0961 val_RMSE=0.1020 val_MAE=0.0257 val_CORR=0.6465 NSEmed=0.506 (14s)
[GRU_L24] ep  18/18 grid=None train_rmse=0.0960 val_RMSE=0.1052 val_MAE=0.0271 val_CORR=0.6240 NSEmed=0.501 (14s)
==> GRU_L24: val RMSE 0.1020 CORR 0.6470 | test RMSE 0.1022 (259s)
[TCN_L24] ep   1/18 grid=None train_rmse=0.1117 val_RMSE=0.1094 val_MAE=0.0293 val_CORR=0.5936 NSEmed=0.442 (12s)
[TCN_L24] ep   2/18 grid=None train_rmse=0.1053 val_RMSE=0.1082 val_MAE=0.0239 val_CORR=0.6022 NSEmed=0.503 (12s)
[TCN_L24] ep   3/18 grid=None train_rmse=0.1037 val_RMSE=0.1070 val_MAE=0.0229 val_CORR=0.6110 NSEmed=0.565 (12s)
[TCN_L24] ep   4/18 grid=None train_rmse=0.1026 val_RMSE=0.1072 val_MAE=0.0313 val_CORR=0.6095 NSEmed=0.366 (12s)
[TCN_L24] ep   5/18 grid=None train_rmse=0.1020 val_RMSE=0.1067 val_MAE=0.0286 val_CORR=0.6136 NSEmed=0.466 (12s)
[TCN_L24] ep   6/18 grid=None train_rmse=0.1015 val_RMSE=0.1071 val_MAE=0.0332 val_CORR=0.6104 NSEmed=0.307 (12s)
[TCN_L24] ep   7/18 grid=None train_rmse=0.1013 val_RMSE=0.1069 val_MAE=0.0260 val_CORR=0.6119 NSEmed=0.522 (12s)
[TCN_L24] ep   8/18 grid=None train_rmse=0.1009 val_RMSE=0.1071 val_MAE=0.0309 val_CORR=0.6107 NSEmed=0.372 (12s)
[TCN_L24] ep   9/18 grid=None train_rmse=0.1008 val_RMSE=0.1095 val_MAE=0.0322 val_CORR=0.5930 NSEmed=0.384 (12s)
[TCN_L24] ep  10/18 grid=None train_rmse=0.1006 val_RMSE=0.1112 val_MAE=0.0368 val_CORR=0.5799 NSEmed=0.283 (12s)
[TCN_L24] ep  11/18 grid=None train_rmse=0.1000 val_RMSE=0.1115 val_MAE=0.0374 val_CORR=0.5779 NSEmed=0.266 (12s)
[TCN_L24] ep  12/18 grid=None train_rmse=0.0997 val_RMSE=0.1105 val_MAE=0.0329 val_CORR=0.5854 NSEmed=0.383 (12s)
[TCN_L24] ep  13/18 grid=None train_rmse=0.0998 val_RMSE=0.1077 val_MAE=0.0325 val_CORR=0.6063 NSEmed=0.341 (12s)
[TCN_L24] ep  14/18 grid=None train_rmse=0.0994 val_RMSE=0.1084 val_MAE=0.0383 val_CORR=0.6010 NSEmed=0.231 (12s)
[TCN_L24] ep  15/18 grid=None train_rmse=0.0995 val_RMSE=0.1064 val_MAE=0.0286 val_CORR=0.6157 NSEmed=0.447 (12s)
[TCN_L24] ep  16/18 grid=None train_rmse=0.0991 val_RMSE=0.1049 val_MAE=0.0301 val_CORR=0.6262 NSEmed=0.420 (12s)
[TCN_L24] ep  17/18 grid=None train_rmse=0.0990 val_RMSE=0.1064 val_MAE=0.0341 val_CORR=0.6157 NSEmed=0.352 (12s)
[TCN_L24] ep  18/18 grid=None train_rmse=0.0989 val_RMSE=0.1070 val_MAE=0.0308 val_CORR=0.6113 NSEmed=0.384 (12s)
==> TCN_L24: val RMSE 0.1049 CORR 0.6262 | test RMSE 0.1045 (222s)
[LSTM_L168] ep   1/18 grid=None train_rmse=0.1265 val_RMSE=0.1379 val_MAE=0.0249 val_CORR=0.3545 NSEmed=0.505 (16s)
[LSTM_L168] ep   2/18 grid=None train_rmse=0.1265 val_RMSE=0.1379 val_MAE=0.0249 val_CORR=0.3545 NSEmed=0.505 (16s)
[LSTM_L168] ep   3/18 grid=None train_rmse=0.1265 val_RMSE=0.1379 val_MAE=0.0248 val_CORR=0.3546 NSEmed=0.495 (16s)
[LSTM_L168] ep   4/18 grid=None train_rmse=0.1265 val_RMSE=0.1379 val_MAE=0.0246 val_CORR=0.3545 NSEmed=0.510 (16s)
[LSTM_L168] ep   5/18 grid=None train_rmse=0.1265 val_RMSE=0.1379 val_MAE=0.0245 val_CORR=0.3546 NSEmed=0.510 (16s)
[LSTM_L168] ep   6/18 grid=None train_rmse=0.1265 val_RMSE=0.1379 val_MAE=0.0245 val_CORR=0.3546 NSEmed=0.510 (16s)
[LSTM_L168] ep   7/18 grid=None train_rmse=0.1265 val_RMSE=0.1379 val_MAE=0.0251 val_CORR=0.3544 NSEmed=0.505 (16s)
[LSTM_L168] ep   8/18 grid=None train_rmse=0.1265 val_RMSE=0.1379 val_MAE=0.0246 val_CORR=0.3546 NSEmed=0.508 (16s)
[LSTM_L168] ep   9/18 grid=None train_rmse=0.1265 val_RMSE=0.1379 val_MAE=0.0246 val_CORR=0.3545 NSEmed=0.511 (16s)
[LSTM_L168] ep  10/18 grid=None train_rmse=0.1265 val_RMSE=0.1379 val_MAE=0.0248 val_CORR=0.3545 NSEmed=0.508 (16s)
[LSTM_L168] ep  11/18 grid=None train_rmse=0.1265 val_RMSE=0.1379 val_MAE=0.0245 val_CORR=0.3546 NSEmed=0.509 (16s)
[LSTM_L168] ep  12/18 grid=None train_rmse=0.1265 val_RMSE=0.1379 val_MAE=0.0248 val_CORR=0.3545 NSEmed=0.509 (16s)
[LSTM_L168] ep  13/18 grid=None train_rmse=0.1265 val_RMSE=0.1379 val_MAE=0.0246 val_CORR=0.3546 NSEmed=0.509 (16s)
[LSTM_L168] ep  14/18 grid=None train_rmse=0.1265 val_RMSE=0.1379 val_MAE=0.0246 val_CORR=0.3546 NSEmed=0.506 (16s)
[LSTM_L168] ep  15/18 grid=None train_rmse=0.1265 val_RMSE=0.1379 val_MAE=0.0248 val_CORR=0.3545 NSEmed=0.508 (16s)
[LSTM_L168] ep  16/18 grid=None train_rmse=0.1265 val_RMSE=0.1379 val_MAE=0.0255 val_CORR=0.3542 NSEmed=0.494 (16s)
[LSTM_L168] ep  17/18 grid=None train_rmse=0.1265 val_RMSE=0.1379 val_MAE=0.0247 val_CORR=0.3545 NSEmed=0.512 (16s)
[LSTM_L168] ep  18/18 grid=None train_rmse=0.1265 val_RMSE=0.1379 val_MAE=0.0251 val_CORR=0.3544 NSEmed=0.507 (16s)
==> LSTM_L168: val RMSE 0.1379 CORR 0.3546 | test RMSE 0.1188 (290s)
[GRU_L168] ep   1/18 grid=None train_rmse=0.1127 val_RMSE=0.1102 val_MAE=0.0313 val_CORR=0.5877 NSEmed=0.406 (16s)
[GRU_L168] ep   2/18 grid=None train_rmse=0.1034 val_RMSE=0.1071 val_MAE=0.0227 val_CORR=0.6106 NSEmed=0.574 (16s)
[GRU_L168] ep   3/18 grid=None train_rmse=0.1025 val_RMSE=0.1051 val_MAE=0.0215 val_CORR=0.6248 NSEmed=0.594 (16s)
[GRU_L168] ep   4/18 grid=None train_rmse=0.1015 val_RMSE=0.1028 val_MAE=0.0240 val_CORR=0.6409 NSEmed=0.546 (16s)
[GRU_L168] ep   5/18 grid=None train_rmse=0.1004 val_RMSE=0.1045 val_MAE=0.0218 val_CORR=0.6289 NSEmed=0.605 (16s)
[GRU_L168] ep   6/18 grid=None train_rmse=0.0997 val_RMSE=0.1045 val_MAE=0.0259 val_CORR=0.6292 NSEmed=0.493 (18s)
[GRU_L168] ep   7/18 grid=None train_rmse=0.0988 val_RMSE=0.1055 val_MAE=0.0234 val_CORR=0.6217 NSEmed=0.573 (19s)
[GRU_L168] ep   8/18 grid=None train_rmse=0.0983 val_RMSE=0.1019 val_MAE=0.0215 val_CORR=0.6472 NSEmed=0.622 (19s)
[GRU_L168] ep   9/18 grid=None train_rmse=0.0977 val_RMSE=0.1032 val_MAE=0.0234 val_CORR=0.6382 NSEmed=0.560 (18s)
[GRU_L168] ep  10/18 grid=None train_rmse=0.0975 val_RMSE=0.1051 val_MAE=0.0289 val_CORR=0.6246 NSEmed=0.415 (19s)
[GRU_L168] ep  11/18 grid=None train_rmse=0.0970 val_RMSE=0.1017 val_MAE=0.0240 val_CORR=0.6486 NSEmed=0.542 (17s)
[GRU_L168] ep  12/18 grid=None train_rmse=0.0969 val_RMSE=0.1033 val_MAE=0.0214 val_CORR=0.6376 NSEmed=0.600 (18s)
[GRU_L168] ep  13/18 grid=None train_rmse=0.0962 val_RMSE=0.1024 val_MAE=0.0231 val_CORR=0.6438 NSEmed=0.549 (18s)
[GRU_L168] ep  14/18 grid=None train_rmse=0.0955 val_RMSE=0.1039 val_MAE=0.0209 val_CORR=0.6336 NSEmed=0.617 (20s)
[GRU_L168] ep  15/18 grid=None train_rmse=0.0957 val_RMSE=0.1046 val_MAE=0.0217 val_CORR=0.6287 NSEmed=0.604 (19s)
[GRU_L168] ep  16/18 grid=None train_rmse=0.0951 val_RMSE=0.1048 val_MAE=0.0247 val_CORR=0.6268 NSEmed=0.485 (20s)
[GRU_L168] ep  17/18 grid=None train_rmse=0.0949 val_RMSE=0.1031 val_MAE=0.0254 val_CORR=0.6392 NSEmed=0.538 (19s)
[GRU_L168] ep  18/18 grid=None train_rmse=0.0944 val_RMSE=0.1046 val_MAE=0.0261 val_CORR=0.6281 NSEmed=0.499 (18s)
==> GRU_L168: val RMSE 0.1017 CORR 0.6486 | test RMSE 0.1011 (326s)
[TCN_L168] ep   1/18 grid=None train_rmse=0.1190 val_RMSE=0.1117 val_MAE=0.0300 val_CORR=0.5762 NSEmed=0.435 (13s)
[TCN_L168] ep   2/18 grid=None train_rmse=0.1059 val_RMSE=0.1110 val_MAE=0.0275 val_CORR=0.5819 NSEmed=0.479 (16s)
[TCN_L168] ep   3/18 grid=None train_rmse=0.1041 val_RMSE=0.1090 val_MAE=0.0310 val_CORR=0.5963 NSEmed=0.392 (13s)
[TCN_L168] ep   4/18 grid=None train_rmse=0.1029 val_RMSE=0.1080 val_MAE=0.0329 val_CORR=0.6037 NSEmed=0.413 (15s)
[TCN_L168] ep   5/18 grid=None train_rmse=0.1021 val_RMSE=0.1062 val_MAE=0.0272 val_CORR=0.6171 NSEmed=0.495 (14s)
[TCN_L168] ep   6/18 grid=None train_rmse=0.1015 val_RMSE=0.1077 val_MAE=0.0347 val_CORR=0.6057 NSEmed=0.343 (12s)
[TCN_L168] ep   7/18 grid=None train_rmse=0.1011 val_RMSE=0.1139 val_MAE=0.0415 val_CORR=0.5591 NSEmed=0.243 (13s)
[TCN_L168] ep   8/18 grid=None train_rmse=0.1009 val_RMSE=0.1093 val_MAE=0.0374 val_CORR=0.5945 NSEmed=0.303 (14s)
[TCN_L168] ep   9/18 grid=None train_rmse=0.1005 val_RMSE=0.1119 val_MAE=0.0346 val_CORR=0.5747 NSEmed=0.381 (14s)
[TCN_L168] ep  10/18 grid=None train_rmse=0.1002 val_RMSE=0.1113 val_MAE=0.0401 val_CORR=0.5790 NSEmed=0.259 (15s)
[TCN_L168] ep  11/18 grid=None train_rmse=0.0997 val_RMSE=0.1098 val_MAE=0.0386 val_CORR=0.5904 NSEmed=0.268 (15s)
[TCN_L168] ep  12/18 grid=None train_rmse=0.0993 val_RMSE=0.1067 val_MAE=0.0296 val_CORR=0.6131 NSEmed=0.456 (16s)
[TCN_L168] ep  13/18 grid=None train_rmse=0.0992 val_RMSE=0.1088 val_MAE=0.0359 val_CORR=0.5981 NSEmed=0.349 (14s)
[TCN_L168] ep  14/18 grid=None train_rmse=0.0991 val_RMSE=0.1059 val_MAE=0.0337 val_CORR=0.6193 NSEmed=0.374 (12s)
[TCN_L168] ep  15/18 grid=None train_rmse=0.0992 val_RMSE=0.1073 val_MAE=0.0322 val_CORR=0.6089 NSEmed=0.381 (13s)
[TCN_L168] ep  16/18 grid=None train_rmse=0.0987 val_RMSE=0.1087 val_MAE=0.0367 val_CORR=0.5985 NSEmed=0.296 (15s)
[TCN_L168] ep  17/18 grid=None train_rmse=0.0983 val_RMSE=0.1114 val_MAE=0.0457 val_CORR=0.5789 NSEmed=0.147 (14s)
[TCN_L168] ep  18/18 grid=None train_rmse=0.0981 val_RMSE=0.1130 val_MAE=0.0431 val_CORR=0.5661 NSEmed=0.185 (16s)
==> TCN_L168: val RMSE 0.1059 CORR 0.6193 | test RMSE 0.1058 (256s)
pkl: Persistence
pkl: SVR
pkl: ARIMA
pkl: KAN_L72
pkl: RKAN_L72
pkl: FKAN_L72
pkl: RFKAN_L72
pkl: KAN_L2
pkl: RKAN_L2
pkl: FKAN_L2
pkl: RFKAN_L2
pkl: KAN_L12
pkl: RKAN_L12
pkl: FKAN_L12
pkl: RFKAN_L12
pkl: KAN_L24
pkl: RKAN_L24
pkl: FKAN_L24
pkl: RFKAN_L24
pkl: KAN_L168
pkl: RKAN_L168
pkl: FKAN_L168
pkl: RFKAN_L168
pkl: RFKAN_L72_grid_ext
pkl: RFKAN_L72_fixed_g3
pkl: RFKAN_L72_fixed_g100
pkl: RFKAN_L72_nodecay
pkl: ELM
pkl: LSTM
pkl: GRU
pkl: TCN
pkl: RFKAN_L72_seed1
pkl: LSTM_seed1
pkl: RFKAN_L72_seed2
pkl: LSTM_seed2
pkl: RFKAN_L72_seed3
pkl: LSTM_seed3
pkl: KAN_L336
pkl: RKAN_L336
pkl: FKAN_L336
pkl: RFKAN_L336
pkl: Informer
pkl: LSTM_L2
pkl: GRU_L2
pkl: TCN_L2
pkl: LSTM_L12
pkl: GRU_L12
pkl: TCN_L12
pkl: LSTM_L24
pkl: GRU_L24
pkl: TCN_L24
pkl: LSTM_L168
pkl: GRU_L168
pkl: TCN_L168
54 brazos -> /home/rovargas/Maestria/DeepLearning/Labo2/lab/repo/outputs/experiments/pkl/ALL.pkl
[01:29:34] === 5/6 predict ===
27983 filas -> /home/rovargas/Maestria/DeepLearning/Labo2/lab/repo/outputs/experiments/predictions_test_RFKAN_L72.csv
test: {'RMSE': 0.1051, 'MAE': 0.0273, 'CORR': 0.6053, 'KGE': 0.6804, 'NSE_median': 0.4934, 'NSE_mean': -3.6335}
[01:30:12] === 6/6 analyze ===
-> tabla3_ablacion.md
-> tabla6_comparacion.md
-> tabla7_avanzados.md
-> tabla_seeds.md
-> tabla_grid.md
-> fig5_seqlen.png
-> fig4_grid.png
-> fig_horizonte.png
-> fig_nse_cuencas.png
-> fig_hidrogramas.png
-> errores_por_regimen.md
-> picos.md
[01:30:14] === PIPELINE COMPLETO ===
[05:05:49] === 1/6 seqlen ===
skip KAN_L72 (ya en resultados)
skip RKAN_L72 (ya en resultados)
skip FKAN_L72 (ya en resultados)
skip RFKAN_L72 (ya en resultados)
skip KAN_L2 (ya en resultados)
skip RKAN_L2 (ya en resultados)
skip FKAN_L2 (ya en resultados)
skip RFKAN_L2 (ya en resultados)
skip KAN_L12 (ya en resultados)
skip RKAN_L12 (ya en resultados)
skip FKAN_L12 (ya en resultados)
skip RFKAN_L12 (ya en resultados)
skip KAN_L24 (ya en resultados)
skip RKAN_L24 (ya en resultados)
skip FKAN_L24 (ya en resultados)
skip RFKAN_L24 (ya en resultados)
skip KAN_L168 (ya en resultados)
skip RKAN_L168 (ya en resultados)
skip FKAN_L168 (ya en resultados)
skip RFKAN_L168 (ya en resultados)
pkl: Persistence
pkl: SVR
pkl: ARIMA
pkl: KAN_L72
pkl: RKAN_L72
pkl: FKAN_L72
pkl: RFKAN_L72
pkl: KAN_L2
pkl: RKAN_L2
pkl: FKAN_L2
pkl: RFKAN_L2
pkl: KAN_L12
pkl: RKAN_L12
pkl: FKAN_L12
pkl: RFKAN_L12
pkl: KAN_L24
pkl: RKAN_L24
pkl: FKAN_L24
pkl: RFKAN_L24
pkl: KAN_L168
pkl: RKAN_L168
pkl: FKAN_L168
pkl: RFKAN_L168
pkl: RFKAN_L72_grid_ext
pkl: RFKAN_L72_fixed_g3
pkl: RFKAN_L72_fixed_g100
pkl: RFKAN_L72_nodecay
pkl: ELM
pkl: LSTM
pkl: GRU
pkl: TCN
pkl: RFKAN_L72_seed1
pkl: LSTM_seed1
pkl: RFKAN_L72_seed2
pkl: LSTM_seed2
pkl: RFKAN_L72_seed3
pkl: LSTM_seed3
pkl: KAN_L336
pkl: RKAN_L336
pkl: FKAN_L336
pkl: RFKAN_L336
pkl: Informer
pkl: LSTM_L2
pkl: GRU_L2
pkl: TCN_L2
pkl: LSTM_L12
pkl: GRU_L12
pkl: TCN_L12
pkl: LSTM_L24
pkl: GRU_L24
pkl: TCN_L24
pkl: LSTM_L168
pkl: GRU_L168
pkl: TCN_L168
54 brazos -> /home/rovargas/Maestria/DeepLearning/Labo2/lab/repo/outputs/experiments/pkl/ALL.pkl
[05:06:24] === 2/6 grid (L=72) ===
skip RFKAN_L72_grid_ext (ya en resultados)
skip RFKAN_L72_fixed_g3 (ya en resultados)
skip RFKAN_L72_fixed_g100 (ya en resultados)
skip RFKAN_L72_nodecay (ya en resultados)
pkl: Persistence
pkl: SVR
pkl: ARIMA
pkl: KAN_L72
pkl: RKAN_L72
pkl: FKAN_L72
pkl: RFKAN_L72
pkl: KAN_L2
pkl: RKAN_L2
pkl: FKAN_L2
pkl: RFKAN_L2
pkl: KAN_L12
pkl: RKAN_L12
pkl: FKAN_L12
pkl: RFKAN_L12
pkl: KAN_L24
pkl: RKAN_L24
pkl: FKAN_L24
pkl: RFKAN_L24
pkl: KAN_L168
pkl: RKAN_L168
pkl: FKAN_L168
pkl: RFKAN_L168
pkl: RFKAN_L72_grid_ext
pkl: RFKAN_L72_fixed_g3
pkl: RFKAN_L72_fixed_g100
pkl: RFKAN_L72_nodecay
pkl: ELM
pkl: LSTM
pkl: GRU
pkl: TCN
pkl: RFKAN_L72_seed1
pkl: LSTM_seed1
pkl: RFKAN_L72_seed2
pkl: LSTM_seed2
pkl: RFKAN_L72_seed3
pkl: LSTM_seed3
pkl: KAN_L336
pkl: RKAN_L336
pkl: FKAN_L336
pkl: RFKAN_L336
pkl: Informer
pkl: LSTM_L2
pkl: GRU_L2
pkl: TCN_L2
pkl: LSTM_L12
pkl: GRU_L12
pkl: TCN_L12
pkl: LSTM_L24
pkl: GRU_L24
pkl: TCN_L24
pkl: LSTM_L168
pkl: GRU_L168
pkl: TCN_L168
54 brazos -> /home/rovargas/Maestria/DeepLearning/Labo2/lab/repo/outputs/experiments/pkl/ALL.pkl
[05:06:59] === 3/6 baselines ===
skip LSTM (ya en resultados)
skip GRU (ya en resultados)
skip TCN (ya en resultados)
pkl: Persistence
pkl: SVR
pkl: ARIMA
pkl: KAN_L72
pkl: RKAN_L72
pkl: FKAN_L72
pkl: RFKAN_L72
pkl: KAN_L2
pkl: RKAN_L2
pkl: FKAN_L2
pkl: RFKAN_L2
pkl: KAN_L12
pkl: RKAN_L12
pkl: FKAN_L12
pkl: RFKAN_L12
pkl: KAN_L24
pkl: RKAN_L24
pkl: FKAN_L24
pkl: RFKAN_L24
pkl: KAN_L168
pkl: RKAN_L168
pkl: FKAN_L168
pkl: RFKAN_L168
pkl: RFKAN_L72_grid_ext
pkl: RFKAN_L72_fixed_g3
pkl: RFKAN_L72_fixed_g100
pkl: RFKAN_L72_nodecay
pkl: ELM
pkl: LSTM
pkl: GRU
pkl: TCN
pkl: RFKAN_L72_seed1
pkl: LSTM_seed1
pkl: RFKAN_L72_seed2
pkl: LSTM_seed2
pkl: RFKAN_L72_seed3
pkl: LSTM_seed3
pkl: KAN_L336
pkl: RKAN_L336
pkl: FKAN_L336
pkl: RFKAN_L336
pkl: Informer
pkl: LSTM_L2
pkl: GRU_L2
pkl: TCN_L2
pkl: LSTM_L12
pkl: GRU_L12
pkl: TCN_L12
pkl: LSTM_L24
pkl: GRU_L24
pkl: TCN_L24
pkl: LSTM_L168
pkl: GRU_L168
pkl: TCN_L168
54 brazos -> /home/rovargas/Maestria/DeepLearning/Labo2/lab/repo/outputs/experiments/pkl/ALL.pkl
[05:07:36] === 4/6 seeds ===
skip RFKAN_L72_seed1 (ya en resultados)
skip LSTM_seed1 (ya en resultados)
skip RFKAN_L72_seed2 (ya en resultados)
skip LSTM_seed2 (ya en resultados)
skip RFKAN_L72_seed3 (ya en resultados)
skip LSTM_seed3 (ya en resultados)
pkl: Persistence
pkl: SVR
pkl: ARIMA
pkl: KAN_L72
pkl: RKAN_L72
pkl: FKAN_L72
pkl: RFKAN_L72
pkl: KAN_L2
pkl: RKAN_L2
pkl: FKAN_L2
pkl: RFKAN_L2
pkl: KAN_L12
pkl: RKAN_L12
pkl: FKAN_L12
pkl: RFKAN_L12
pkl: KAN_L24
pkl: RKAN_L24
pkl: FKAN_L24
pkl: RFKAN_L24
pkl: KAN_L168
pkl: RKAN_L168
pkl: FKAN_L168
pkl: RFKAN_L168
pkl: RFKAN_L72_grid_ext
pkl: RFKAN_L72_fixed_g3
pkl: RFKAN_L72_fixed_g100
pkl: RFKAN_L72_nodecay
pkl: ELM
pkl: LSTM
pkl: GRU
pkl: TCN
pkl: RFKAN_L72_seed1
pkl: LSTM_seed1
pkl: RFKAN_L72_seed2
pkl: LSTM_seed2
pkl: RFKAN_L72_seed3
pkl: LSTM_seed3
pkl: KAN_L336
pkl: RKAN_L336
pkl: FKAN_L336
pkl: RFKAN_L336
pkl: Informer
pkl: LSTM_L2
pkl: GRU_L2
pkl: TCN_L2
pkl: LSTM_L12
pkl: GRU_L12
pkl: TCN_L12
pkl: LSTM_L24
pkl: GRU_L24
pkl: TCN_L24
pkl: LSTM_L168
pkl: GRU_L168
pkl: TCN_L168
54 brazos -> /home/rovargas/Maestria/DeepLearning/Labo2/lab/repo/outputs/experiments/pkl/ALL.pkl
[05:08:11] === 4b/6 seqlen L=336 ===
skip KAN_L336 (ya en resultados)
skip RKAN_L336 (ya en resultados)
skip FKAN_L336 (ya en resultados)
skip RFKAN_L336 (ya en resultados)
pkl: Persistence
pkl: SVR
pkl: ARIMA
pkl: KAN_L72
pkl: RKAN_L72
pkl: FKAN_L72
pkl: RFKAN_L72
pkl: KAN_L2
pkl: RKAN_L2
pkl: FKAN_L2
pkl: RFKAN_L2
pkl: KAN_L12
pkl: RKAN_L12
pkl: FKAN_L12
pkl: RFKAN_L12
pkl: KAN_L24
pkl: RKAN_L24
pkl: FKAN_L24
pkl: RFKAN_L24
pkl: KAN_L168
pkl: RKAN_L168
pkl: FKAN_L168
pkl: RFKAN_L168
pkl: RFKAN_L72_grid_ext
pkl: RFKAN_L72_fixed_g3
pkl: RFKAN_L72_fixed_g100
pkl: RFKAN_L72_nodecay
pkl: ELM
pkl: LSTM
pkl: GRU
pkl: TCN
pkl: RFKAN_L72_seed1
pkl: LSTM_seed1
pkl: RFKAN_L72_seed2
pkl: LSTM_seed2
pkl: RFKAN_L72_seed3
pkl: LSTM_seed3
pkl: KAN_L336
pkl: RKAN_L336
pkl: FKAN_L336
pkl: RFKAN_L336
pkl: Informer
pkl: LSTM_L2
pkl: GRU_L2
pkl: TCN_L2
pkl: LSTM_L12
pkl: GRU_L12
pkl: TCN_L12
pkl: LSTM_L24
pkl: GRU_L24
pkl: TCN_L24
pkl: LSTM_L168
pkl: GRU_L168
pkl: TCN_L168
54 brazos -> /home/rovargas/Maestria/DeepLearning/Labo2/lab/repo/outputs/experiments/pkl/ALL.pkl
[05:08:46] === 4c/6 advanced (Informer) ===
skip Informer (ya en resultados)
WVS: K=5 alpha=100 variables=[6, 7, 8] entropia=3.956 (12s)
[WVS] ep   1/18 grid=None train_rmse=0.1080 val_RMSE=0.1194 val_MAE=0.0248 val_CORR=0.5156 NSEmed=0.535 (85s)
[WVS] ep   2/18 grid=None train_rmse=0.1083 val_RMSE=0.1150 val_MAE=0.0226 val_CORR=0.5508 NSEmed=0.587 (85s)
[WVS] ep   3/18 grid=None train_rmse=0.1091 val_RMSE=0.1123 val_MAE=0.0224 val_CORR=0.5719 NSEmed=0.576 (85s)
[WVS] ep   4/18 grid=None train_rmse=0.1082 val_RMSE=0.1123 val_MAE=0.0229 val_CORR=0.5715 NSEmed=0.582 (85s)
[WVS] ep   5/18 grid=None train_rmse=0.1079 val_RMSE=0.1123 val_MAE=0.0229 val_CORR=0.5714 NSEmed=0.572 (85s)
[WVS] ep   6/18 grid=None train_rmse=0.1084 val_RMSE=0.1184 val_MAE=0.0241 val_CORR=0.5235 NSEmed=0.530 (85s)
[WVS] ep   7/18 grid=None train_rmse=0.1087 val_RMSE=0.1134 val_MAE=0.0224 val_CORR=0.5629 NSEmed=0.582 (85s)
[WVS] ep   8/18 grid=None train_rmse=0.1079 val_RMSE=0.1129 val_MAE=0.0229 val_CORR=0.5668 NSEmed=0.553 (85s)
[WVS] ep   9/18 grid=None train_rmse=0.1074 val_RMSE=0.1092 val_MAE=0.0216 val_CORR=0.5950 NSEmed=0.590 (87s)
[WVS] ep  10/18 grid=None train_rmse=0.1077 val_RMSE=0.1153 val_MAE=0.0288 val_CORR=0.5485 NSEmed=0.511 (89s)
[WVS] ep  11/18 grid=None train_rmse=0.1067 val_RMSE=0.1094 val_MAE=0.0237 val_CORR=0.5934 NSEmed=0.572 (90s)
[WVS] ep  12/18 grid=None train_rmse=0.1074 val_RMSE=0.1136 val_MAE=0.0245 val_CORR=0.5618 NSEmed=0.569 (89s)
