[17:06:11] === 1/6 seqlen ===
[KAN_L72] ep   1/18 grid=3 train_rmse=0.1264 val_RMSE=0.1379 val_MAE=0.0246 val_CORR=0.3545 NSEmed=0.510 (3s)
[KAN_L72] ep   2/18 grid=3 train_rmse=0.1265 val_RMSE=0.1378 val_MAE=0.0249 val_CORR=0.3548 NSEmed=0.506 (3s)
[KAN_L72] ep   3/18 grid=3 train_rmse=0.1264 val_RMSE=0.1381 val_MAE=0.0286 val_CORR=0.3521 NSEmed=0.401 (3s)
[KAN_L72] ep   4/18 grid=5 train_rmse=0.1231 val_RMSE=0.1322 val_MAE=0.0282 val_CORR=0.4066 NSEmed=0.454 (3s)
[KAN_L72] ep   5/18 grid=5 train_rmse=0.1193 val_RMSE=0.1316 val_MAE=0.0351 val_CORR=0.4116 NSEmed=0.307 (3s)
[KAN_L72] ep   6/18 grid=5 train_rmse=0.1168 val_RMSE=0.1273 val_MAE=0.0260 val_CORR=0.4496 NSEmed=0.504 (3s)
[KAN_L72] ep   7/18 grid=10 train_rmse=0.1137 val_RMSE=0.1255 val_MAE=0.0265 val_CORR=0.4653 NSEmed=0.477 (3s)
[KAN_L72] ep   8/18 grid=10 train_rmse=0.1118 val_RMSE=0.1234 val_MAE=0.0277 val_CORR=0.4832 NSEmed=0.438 (2s)
[KAN_L72] ep   9/18 grid=10 train_rmse=0.1103 val_RMSE=0.1235 val_MAE=0.0278 val_CORR=0.4820 NSEmed=0.442 (3s)
[KAN_L72] ep  10/18 grid=20 train_rmse=0.1097 val_RMSE=0.1238 val_MAE=0.0272 val_CORR=0.4797 NSEmed=0.482 (3s)
[KAN_L72] ep  11/18 grid=20 train_rmse=0.1083 val_RMSE=0.1228 val_MAE=0.0282 val_CORR=0.4875 NSEmed=0.437 (3s)
[KAN_L72] ep  12/18 grid=20 train_rmse=0.1073 val_RMSE=0.1236 val_MAE=0.0292 val_CORR=0.4813 NSEmed=0.393 (3s)
[KAN_L72] ep  13/18 grid=50 train_rmse=0.1073 val_RMSE=0.1248 val_MAE=0.0298 val_CORR=0.4713 NSEmed=0.399 (5s)
[KAN_L72] ep  14/18 grid=50 train_rmse=0.1061 val_RMSE=0.1250 val_MAE=0.0311 val_CORR=0.4693 NSEmed=0.373 (5s)
[KAN_L72] ep  15/18 grid=50 train_rmse=0.1053 val_RMSE=0.1249 val_MAE=0.0317 val_CORR=0.4705 NSEmed=0.342 (5s)
[KAN_L72] ep  16/18 grid=100 train_rmse=0.1051 val_RMSE=0.1261 val_MAE=0.0309 val_CORR=0.4599 NSEmed=0.384 (9s)
[KAN_L72] ep  17/18 grid=100 train_rmse=0.1045 val_RMSE=0.1263 val_MAE=0.0312 val_CORR=0.4580 NSEmed=0.353 (9s)
[KAN_L72] ep  18/18 grid=100 train_rmse=0.1039 val_RMSE=0.1264 val_MAE=0.0314 val_CORR=0.4575 NSEmed=0.335 (9s)
==> KAN_L72: val RMSE 0.1228 CORR 0.4875 | test RMSE 0.1089 (91s)
[RKAN_L72] ep   1/18 grid=3 train_rmse=0.1234 val_RMSE=0.1368 val_MAE=0.0286 val_CORR=0.3642 NSEmed=0.419 (17s)
[RKAN_L72] ep   2/18 grid=3 train_rmse=0.1153 val_RMSE=0.1183 val_MAE=0.0393 val_CORR=0.5250 NSEmed=0.235 (17s)
[RKAN_L72] ep   3/18 grid=3 train_rmse=0.1098 val_RMSE=0.1133 val_MAE=0.0347 val_CORR=0.5641 NSEmed=0.329 (17s)
[RKAN_L72] ep   4/18 grid=5 train_rmse=0.1074 val_RMSE=0.1192 val_MAE=0.0443 val_CORR=0.5176 NSEmed=0.102 (17s)
[RKAN_L72] ep   5/18 grid=5 train_rmse=0.1059 val_RMSE=0.1086 val_MAE=0.0297 val_CORR=0.5992 NSEmed=0.374 (17s)
[RKAN_L72] ep   6/18 grid=5 train_rmse=0.1044 val_RMSE=0.1086 val_MAE=0.0333 val_CORR=0.5995 NSEmed=0.334 (17s)
[RKAN_L72] ep   7/18 grid=10 train_rmse=0.1029 val_RMSE=0.1069 val_MAE=0.0301 val_CORR=0.6118 NSEmed=0.406 (18s)
[RKAN_L72] ep   8/18 grid=10 train_rmse=0.1020 val_RMSE=0.1080 val_MAE=0.0301 val_CORR=0.6038 NSEmed=0.383 (18s)
[RKAN_L72] ep   9/18 grid=10 train_rmse=0.1013 val_RMSE=0.1098 val_MAE=0.0299 val_CORR=0.5908 NSEmed=0.388 (18s)
[RKAN_L72] ep  10/18 grid=20 train_rmse=0.1008 val_RMSE=0.1087 val_MAE=0.0289 val_CORR=0.5987 NSEmed=0.410 (21s)
[RKAN_L72] ep  11/18 grid=20 train_rmse=0.1003 val_RMSE=0.1084 val_MAE=0.0276 val_CORR=0.6007 NSEmed=0.423 (22s)
[RKAN_L72] ep  12/18 grid=20 train_rmse=0.1000 val_RMSE=0.1080 val_MAE=0.0280 val_CORR=0.6041 NSEmed=0.433 (23s)
[RKAN_L72] ep  13/18 grid=50 train_rmse=0.0998 val_RMSE=0.1084 val_MAE=0.0286 val_CORR=0.6006 NSEmed=0.407 (33s)
